// Jest Snapshot v1, https://goo.gl/fbAQLP

exports[`Test BaseScriptWithRef initial render 1`] = `
<div>
  <div
    class="OverlaySpinner--overlaySpinner"
  >
    <div
      class="formGroup sm"
    >
      <div
        class="bp3-form-group"
      >
        <label
          class="bp3-label"
          for="spec.shell"
        >
          <span
            class="Tooltip--acenter"
            data-tooltip-id="shellScriptForm_spec.shell"
          >
            common.scriptType
          </span>
           
          <span
            class="bp3-text-muted"
          />
        </label>
        <div
          class="bp3-form-content"
        >
          <div
            class="bp3-popover-wrapper Select--main bp3-fill"
          >
            <div
              class="bp3-popover-target"
            >
              <div
                class="bp3-input-group"
              >
                <input
                  autocomplete="off"
                  class="bp3-input"
                  name="spec.shell"
                  placeholder="- common.scriptType -"
                  style="padding-right: 0px;"
                  type="text"
                  value="Bash"
                />
                <span
                  class="bp3-input-action"
                >
                  <span
                    class="bp3-icon bp3-icon-chevron-down StyledProps--main StyledProps--padding-small"
                    icon="chevron-down"
                  >
                    <svg
                      data-icon="chevron-down"
                      height="14"
                      viewBox="0 0 16 16"
                      width="14"
                    >
                      <desc>
                        chevron-down
                      </desc>
                      <path
                        d="M12 5c-.28 0-.53.11-.71.29L8 8.59l-3.29-3.3a1.003 1.003 0 00-1.42 1.42l4 4c.18.18.43.29.71.29s.53-.11.71-.29l4-4A1.003 1.003 0 0012 5z"
                        fill-rule="evenodd"
                      />
                    </svg>
                  </span>
                </span>
              </div>
            </div>
          </div>
        </div>
      </div>
    </div>
    <div
      class="bp3-form-group"
    >
      <label
        class="bp3-label"
        for="spec.source.type"
      >
        <span
          class="Tooltip--acenter"
          data-tooltip-id="shellScriptForm_spec.source.type"
        >
          cd.steps.commands.selectScriptLocation
        </span>
         
        <span
          class="bp3-text-muted"
        />
      </label>
      <div
        class="bp3-form-content"
      >
        <div
          class="StyledProps--main"
        >
          
          <div
            class="RadioButtonGroup--inline"
          >
            <label
              class="RadioButton--radio StyledProps--main"
            >
              <input
                class="RadioButton--input"
                name="spec.source.type"
                type="radio"
                value="Harness"
              />
              <span
                class="RadioButton--radioIcon"
              />
              cd.steps.commands.locationFileStore
            </label>
            <label
              class="RadioButton--radio StyledProps--main"
            >
              <input
                class="RadioButton--input"
                name="spec.source.type"
                type="radio"
                value="Inline"
              />
              <span
                class="RadioButton--radioIcon"
              />
              inline
            </label>
          </div>
        </div>
      </div>
    </div>
  </div>
</div>
`;

exports[`Test BaseScriptWithRef should match snapshot for BaseScriptWithRef with initial script values with expressions 1`] = `
<div>
  <div
    class="OverlaySpinner--overlaySpinner"
  >
    <div
      class="formGroup sm"
    >
      <div
        class="bp3-form-group"
      >
        <label
          class="bp3-label"
          for="spec.shell"
        >
          <span
            class="Tooltip--acenter"
            data-tooltip-id="shellScriptForm_spec.shell"
          >
            common.scriptType
          </span>
           
          <span
            class="bp3-text-muted"
          />
        </label>
        <div
          class="bp3-form-content"
        >
          <div
            class="bp3-popover-wrapper Select--main bp3-fill"
          >
            <div
              class="bp3-popover-target"
            >
              <div
                class="bp3-input-group"
              >
                <input
                  autocomplete="off"
                  class="bp3-input"
                  name="spec.shell"
                  placeholder="- common.scriptType -"
                  style="padding-right: 0px;"
                  type="text"
                  value="Bash"
                />
                <span
                  class="bp3-input-action"
                >
                  <span
                    class="bp3-icon bp3-icon-chevron-down StyledProps--main StyledProps--padding-small"
                    icon="chevron-down"
                  >
                    <svg
                      data-icon="chevron-down"
                      height="14"
                      viewBox="0 0 16 16"
                      width="14"
                    >
                      <desc>
                        chevron-down
                      </desc>
                      <path
                        d="M12 5c-.28 0-.53.11-.71.29L8 8.59l-3.29-3.3a1.003 1.003 0 00-1.42 1.42l4 4c.18.18.43.29.71.29s.53-.11.71-.29l4-4A1.003 1.003 0 0012 5z"
                        fill-rule="evenodd"
                      />
                    </svg>
                  </span>
                </span>
              </div>
            </div>
          </div>
        </div>
      </div>
    </div>
    <div
      class="bp3-form-group"
    >
      <label
        class="bp3-label"
        for="spec.source.type"
      >
        <span
          class="Tooltip--acenter"
          data-tooltip-id="shellScriptForm_spec.source.type"
        >
          cd.steps.commands.selectScriptLocation
        </span>
         
        <span
          class="bp3-text-muted"
        />
      </label>
      <div
        class="bp3-form-content"
      >
        <div
          class="StyledProps--main"
        >
          
          <div
            class="RadioButtonGroup--inline"
          >
            <label
              class="RadioButton--radio StyledProps--main"
            >
              <input
                class="RadioButton--input"
                name="spec.source.type"
                type="radio"
                value="Harness"
              />
              <span
                class="RadioButton--radioIcon"
              />
              cd.steps.commands.locationFileStore
            </label>
            <label
              class="RadioButton--radio StyledProps--main"
            >
              <input
                class="RadioButton--input"
                name="spec.source.type"
                type="radio"
                value="Inline"
              />
              <span
                class="RadioButton--radioIcon"
              />
              inline
            </label>
          </div>
        </div>
      </div>
    </div>
  </div>
</div>
`;

exports[`Test BaseScriptWithRef should match snapshot for BaseScriptWithRef with initial script values with runtimeInput 1`] = `
<div>
  <div
    class="OverlaySpinner--overlaySpinner"
  >
    <div
      class="formGroup sm"
    >
      <div
        class="bp3-form-group"
      >
        <label
          class="bp3-label"
          for="spec.shell"
        >
          <span
            class="Tooltip--acenter"
            data-tooltip-id="shellScriptForm_spec.shell"
          >
            common.scriptType
          </span>
           
          <span
            class="bp3-text-muted"
          />
        </label>
        <div
          class="bp3-form-content"
        >
          <div
            class="bp3-popover-wrapper Select--main bp3-fill"
          >
            <div
              class="bp3-popover-target"
            >
              <div
                class="bp3-input-group"
              >
                <input
                  autocomplete="off"
                  class="bp3-input"
                  name="spec.shell"
                  placeholder="- common.scriptType -"
                  style="padding-right: 0px;"
                  type="text"
                  value="Bash"
                />
                <span
                  class="bp3-input-action"
                >
                  <span
                    class="bp3-icon bp3-icon-chevron-down StyledProps--main StyledProps--padding-small"
                    icon="chevron-down"
                  >
                    <svg
                      data-icon="chevron-down"
                      height="14"
                      viewBox="0 0 16 16"
                      width="14"
                    >
                      <desc>
                        chevron-down
                      </desc>
                      <path
                        d="M12 5c-.28 0-.53.11-.71.29L8 8.59l-3.29-3.3a1.003 1.003 0 00-1.42 1.42l4 4c.18.18.43.29.71.29s.53-.11.71-.29l4-4A1.003 1.003 0 0012 5z"
                        fill-rule="evenodd"
                      />
                    </svg>
                  </span>
                </span>
              </div>
            </div>
          </div>
        </div>
      </div>
    </div>
    <div
      class="bp3-form-group"
    >
      <label
        class="bp3-label"
        for="spec.source.type"
      >
        <span
          class="Tooltip--acenter"
          data-tooltip-id="shellScriptForm_spec.source.type"
        >
          cd.steps.commands.selectScriptLocation
        </span>
         
        <span
          class="bp3-text-muted"
        />
      </label>
      <div
        class="bp3-form-content"
      >
        <div
          class="StyledProps--main"
        >
          
          <div
            class="RadioButtonGroup--inline"
          >
            <label
              class="RadioButton--radio StyledProps--main"
            >
              <input
                class="RadioButton--input"
                name="spec.source.type"
                type="radio"
                value="Harness"
              />
              <span
                class="RadioButton--radioIcon"
              />
              cd.steps.commands.locationFileStore
            </label>
            <label
              class="RadioButton--radio StyledProps--main"
            >
              <input
                class="RadioButton--input"
                name="spec.source.type"
                type="radio"
                value="Inline"
              />
              <span
                class="RadioButton--radioIcon"
              />
              inline
            </label>
          </div>
        </div>
      </div>
    </div>
  </div>
</div>
`;

exports[`Test BaseScriptWithRef should match snapshot for BaseScriptWithRef with initial values 1`] = `
<div>
  <div
    class="OverlaySpinner--overlaySpinner"
  >
    <div
      class="formGroup sm"
    >
      <div
        class="bp3-form-group"
      >
        <label
          class="bp3-label"
          for="spec.shell"
        >
          <span
            class="Tooltip--acenter"
            data-tooltip-id="shellScriptForm_spec.shell"
          >
            common.scriptType
          </span>
           
          <span
            class="bp3-text-muted"
          />
        </label>
        <div
          class="bp3-form-content"
        >
          <div
            class="bp3-popover-wrapper Select--main bp3-fill"
          >
            <div
              class="bp3-popover-target"
            >
              <div
                class="bp3-input-group"
              >
                <input
                  autocomplete="off"
                  class="bp3-input"
                  name="spec.shell"
                  placeholder="- common.scriptType -"
                  style="padding-right: 0px;"
                  type="text"
                  value="Bash"
                />
                <span
                  class="bp3-input-action"
                >
                  <span
                    class="bp3-icon bp3-icon-chevron-down StyledProps--main StyledProps--padding-small"
                    icon="chevron-down"
                  >
                    <svg
                      data-icon="chevron-down"
                      height="14"
                      viewBox="0 0 16 16"
                      width="14"
                    >
                      <desc>
                        chevron-down
                      </desc>
                      <path
                        d="M12 5c-.28 0-.53.11-.71.29L8 8.59l-3.29-3.3a1.003 1.003 0 00-1.42 1.42l4 4c.18.18.43.29.71.29s.53-.11.71-.29l4-4A1.003 1.003 0 0012 5z"
                        fill-rule="evenodd"
                      />
                    </svg>
                  </span>
                </span>
              </div>
            </div>
          </div>
        </div>
      </div>
    </div>
    <div
      class="bp3-form-group"
    >
      <label
        class="bp3-label"
        for="spec.source.type"
      >
        <span
          class="Tooltip--acenter"
          data-tooltip-id="shellScriptForm_spec.source.type"
        >
          cd.steps.commands.selectScriptLocation
        </span>
         
        <span
          class="bp3-text-muted"
        />
      </label>
      <div
        class="bp3-form-content"
      >
        <div
          class="StyledProps--main"
        >
          
          <div
            class="RadioButtonGroup--inline"
          >
            <label
              class="RadioButton--radio StyledProps--main"
            >
              <input
                class="RadioButton--input"
                name="spec.source.type"
                type="radio"
                value="Harness"
              />
              <span
                class="RadioButton--radioIcon"
              />
              cd.steps.commands.locationFileStore
            </label>
            <label
              class="RadioButton--radio StyledProps--main"
            >
              <input
                class="RadioButton--input"
                name="spec.source.type"
                type="radio"
                value="Inline"
              />
              <span
                class="RadioButton--radioIcon"
              />
              inline
            </label>
          </div>
        </div>
      </div>
    </div>
  </div>
</div>
`;
