// Jest Snapshot v1, https://goo.gl/fbAQLP

exports[`CloneCodebaseForm tests initial render with ff on 1`] = `
<div>
  <div
    class="StyledProps--font StyledProps--main StyledProps--padding-bottom-medium"
  >
    <p
      class="StyledProps--font StyledProps--main StyledProps--font-variation-form-label StyledProps--margin-bottom-small"
    >
      common.gitProvider
    </p>
    <div
      class="gitProviderSelect"
    >
      <div
        class="bp3-card bp3-interactive bp3-elevation-0 Card--card Card--selected Card--interactive"
        data-index="0"
        tabindex="0"
      >
        <span
          class="Card--corner"
        >
          <span
            class="Card--badge"
          />
          <span
            class="bp3-icon StyledProps--main StyledProps--color StyledProps--color-white"
            data-icon="main-tick"
          >
            <svg
              height="10"
              viewBox="0 0 11 8"
              width="10"
              xmlns="http://www.w3.org/2000/svg"
            >
              <path
                d="M9.219.894c.356-.38.982-.413 1.398-.072.391.32.457.857.167 1.236l-.06.07-5.138 5.486c-.362.386-.993.41-1.403.068l-.07-.064-3.2-3.214A.88.88 0 01.95 3.098a1.045 1.045 0 011.328-.003l.074.067 2.443 2.454L9.22.894z"
                fill="currentColor"
              />
            </svg>
          </span>
        </span>
        <div
          class="Layout--horizontal StyledProps--main StyledProps--flex StyledProps--flex-justifyContent-start"
        >
          <span
            class="bp3-icon StyledProps--main"
            data-icon="code"
          >
            <svg
              fill="none"
              height="22"
              viewBox="0 0 40 40"
              width="22"
              xmlns="http://www.w3.org/2000/svg"
            >
              <lineargradient
                gradientUnits="userSpaceOnUse"
                id="code_svg__a"
                x1="10.644"
                x2="36.25"
                y1="3.75"
                y2="36.25"
              >
                <stop
                  offset="0"
                  stop-color="#f96459"
                />
                <stop
                  offset="1"
                  stop-color="#ea473b"
                />
              </lineargradient>
              <path
                clip-rule="evenodd"
                d="M20 36.25c8.975 0 16.25-7.275 16.25-16.25S28.975 3.75 20 3.75c-2.575 0-5.01.6-7.175 1.666l4.409 4.164a3.04 3.04 0 011.732-.541c1.713 0 3.102 1.42 3.102 3.173 0 .566-.145 1.098-.399 1.558l4.262 4.026c.398-.189.84-.295 1.308-.295 1.713 0 3.102 1.421 3.102 3.174s-1.389 3.173-3.102 3.173c-1.714 0-3.102-1.42-3.102-3.173 0-.501.113-.975.315-1.397l-4.352-4.11a3.031 3.031 0 01-.772.197l-2.306 11.1a3.189 3.189 0 011.427 2.672c0 1.753-1.389 3.174-3.102 3.174-1.714 0-3.103-1.421-3.103-3.174 0-1.635 1.21-2.982 2.764-3.155l2.303-11.085a3.188 3.188 0 01-1.447-2.685c0-.32.046-.63.133-.921l-5.06-4.78C6.6 9.429 3.75 14.38 3.75 20c0 8.975 7.275 16.25 16.25 16.25z"
                fill="url(#code_svg__a)"
                fill-rule="evenodd"
              />
            </svg>
          </span>
          <div
            class="StyledProps--font StyledProps--main StyledProps--padding-left-xsmall"
          >
            <p
              class="StyledProps--font StyledProps--main StyledProps--font-variation-small StyledProps--color StyledProps--color-primary7"
            >
              common.harnessCodeRepo
            </p>
          </div>
        </div>
      </div>
      <div
        class="bp3-card bp3-interactive bp3-elevation-0 Card--card Card--interactive"
        data-index="1"
        tabindex="0"
      >
        <div
          class="Layout--horizontal StyledProps--main StyledProps--flex StyledProps--flex-justifyContent-start"
        >
          <span
            class="bp3-icon StyledProps--main StyledProps--color StyledProps--color-grey600"
            data-icon="service-github"
          >
            <svg
              height="20"
              viewBox="0 0 14 14"
              width="20"
              xmlns="http://www.w3.org/2000/svg"
            >
              <path
                d="M13.6 6.4l-6-6C7.3.1 6.7.1 6.4.4L5.1 1.6l1.6 1.6c.4-.1.8 0 1.1.3s.4.7.2 1.1l1.5 1.5c.4-.1.8 0 1.1.2.4.4.4 1.1 0 1.5s-1.1.4-1.5 0c-.3-.3-.3-.7-.2-1.1L7.5 5.3V9c.1 0 .2.1.3.2.4.4.4 1.1 0 1.5s-1.1.4-1.5 0-.4-1.1 0-1.5c.1-.1.2-.2.3-.2V5.2c-.1-.1-.2-.1-.3-.2-.3-.4-.4-.8-.2-1.2L4.5 2.3.4 6.4c-.3.3-.3.9 0 1.2l6 6c.3.3.9.3 1.2 0l6-6c.3-.3.3-.9 0-1.2z"
                fill="#f42534"
              />
            </svg>
          </span>
          <div
            class="StyledProps--font StyledProps--main StyledProps--padding-left-xsmall"
          >
            <p
              class="StyledProps--font StyledProps--main StyledProps--font-variation-small StyledProps--color StyledProps--color-grey800"
            >
              common.thirdPartyGitProvider
            </p>
          </div>
        </div>
      </div>
    </div>
  </div>
  <div
    class="bp3-form-group"
  >
    <label
      class="bp3-label"
      for="repositoryName"
    >
      common.selectRepository
       
      <span
        class="bp3-text-muted"
      />
    </label>
    <div
      class="bp3-form-content"
    >
      <div
        class="Layout--horizontal StyledProps--main MultiTypeInput--main"
      >
        <div
          class="bp3-popover-wrapper MultiTypeInput--select MultiTypeInput--fixedValueInput Select--main bp3-fill"
        >
          <div
            class="bp3-popover-target"
          >
            <div
              class="bp3-input-group"
            >
              <input
                autocomplete="off"
                class="bp3-input"
                name="repositoryName"
                placeholder="Search..."
                style="padding-right: 0px;"
                type="text"
                value=""
              />
              <span
                class="bp3-input-action"
              >
                <span
                  class="bp3-icon bp3-icon-chevron-down StyledProps--main StyledProps--padding-small"
                  icon="chevron-down"
                >
                  <svg
                    data-icon="chevron-down"
                    height="14"
                    viewBox="0 0 16 16"
                    width="14"
                  >
                    <desc>
                      chevron-down
                    </desc>
                    <path
                      d="M12 5c-.28 0-.53.11-.71.29L8 8.59l-3.29-3.3a1.003 1.003 0 00-1.42 1.42l4 4c.18.18.43.29.71.29s.53-.11.71-.29l4-4A1.003 1.003 0 0012 5z"
                      fill-rule="evenodd"
                    />
                  </svg>
                </span>
              </span>
            </div>
          </div>
        </div>
        <span
          class="bp3-popover-wrapper MultiTypeInput--wrapper"
        >
          <span
            class="bp3-popover-target"
          >
            <button
              class="MultiTypeInput--btn MultiTypeInput--FIXED"
              data-testid="multi-type-button"
            >
              <span
                class="bp3-icon StyledProps--main"
                data-icon="fixed-input"
              >
                <svg
                  height="12"
                  viewBox="0 0 9 9"
                  width="12"
                  xmlns="http://www.w3.org/2000/svg"
                >
                  <path
                    d="M5.61 7.55c.62-.7.3-1.42.18-2.35a.32.32 0 01.1-.29l1.43-1.42a.76.76 0 01.28-.15c.39-.1 1 0 1.28-.29a.34.34 0 000-.51L6.46.12a.33.33 0 00-.52 0c-.28.29-.2.9-.28 1.3a.53.53 0 01-.13.23L4.09 3.12a.29.29 0 01-.28.09c-.89-.11-1.6-.49-2.27.11-.29.26-.29.43 0 .7l1.31 1.34.15.16-.15.15-2.7 2.69a.36.36 0 000 .54.36.36 0 00.54-.05l2.63-2.68.17-.17.17.16c.45.46.9.91 1.36 1.36.21.21.42.22.59.03z"
                    fill="currentColor"
                  />
                </svg>
              </span>
            </button>
          </span>
        </span>
      </div>
    </div>
  </div>
</div>
`;
