// Jest Snapshot v1, https://goo.gl/fbAQLP

exports[`<ExecutionActions /> tests if feature restriction is applied on rerun button: repeat button should be disabled as cd, ci are not allowed 1`] = `
<div>
  <div
    class="Layout--horizontal StyledProps--main StyledProps--flex StyledProps--flex-alignItems-center"
  >
    <span
      class="bp3-popover-wrapper bp3-dark"
    >
      <span
        class="bp3-popover-target"
      >
        <button
          aria-label="execution menu actions"
          class="bp3-button Button--button StyledProps--font StyledProps--main Button--with-current-color Button--iconOnly Button--withLeftIcon Button--variation Button--variation-icon"
          type="button"
        >
          <span
            class="bp3-icon StyledProps--main"
            data-icon="Options"
          >
            <svg
              fill="currentColor"
              height="16"
              viewBox="0 0 4 16"
              width="16"
              xmlns="http://www.w3.org/2000/svg"
            >
              <circle
                cx="2"
                cy="2"
                r="1.5"
              />
              <circle
                cx="2"
                cy="8"
                r="1.5"
              />
              <circle
                cx="2"
                cy="14"
                r="1.5"
              />
            </svg>
          </span>
        </button>
      </span>
    </span>
  </div>
</div>
`;

exports[`<ExecutionActions /> tests snapshot tests "Aborted" status: container 1`] = `
<div>
  <div
    class="Layout--horizontal StyledProps--main StyledProps--flex StyledProps--flex-alignItems-center"
  >
    <span
      class="bp3-popover-wrapper bp3-dark"
    >
      <span
        class="bp3-popover-target"
      >
        <button
          aria-label="execution menu actions"
          class="bp3-button Button--button StyledProps--font StyledProps--main Button--with-current-color Button--iconOnly Button--withLeftIcon Button--variation Button--variation-icon"
          type="button"
        >
          <span
            class="bp3-icon StyledProps--main"
            data-icon="Options"
          >
            <svg
              fill="currentColor"
              height="16"
              viewBox="0 0 4 16"
              width="16"
              xmlns="http://www.w3.org/2000/svg"
            >
              <circle
                cx="2"
                cy="2"
                r="1.5"
              />
              <circle
                cx="2"
                cy="8"
                r="1.5"
              />
              <circle
                cx="2"
                cy="14"
                r="1.5"
              />
            </svg>
          </span>
        </button>
      </span>
    </span>
  </div>
</div>
`;

exports[`<ExecutionActions /> tests snapshot tests "Expired" status: container 1`] = `
<div>
  <div
    class="Layout--horizontal StyledProps--main StyledProps--flex StyledProps--flex-alignItems-center"
  >
    <span
      class="bp3-popover-wrapper bp3-dark"
    >
      <span
        class="bp3-popover-target"
      >
        <button
          aria-label="execution menu actions"
          class="bp3-button Button--button StyledProps--font StyledProps--main Button--with-current-color Button--iconOnly Button--withLeftIcon Button--variation Button--variation-icon"
          type="button"
        >
          <span
            class="bp3-icon StyledProps--main"
            data-icon="Options"
          >
            <svg
              fill="currentColor"
              height="16"
              viewBox="0 0 4 16"
              width="16"
              xmlns="http://www.w3.org/2000/svg"
            >
              <circle
                cx="2"
                cy="2"
                r="1.5"
              />
              <circle
                cx="2"
                cy="8"
                r="1.5"
              />
              <circle
                cx="2"
                cy="14"
                r="1.5"
              />
            </svg>
          </span>
        </button>
      </span>
    </span>
  </div>
</div>
`;

exports[`<ExecutionActions /> tests snapshot tests "Failed" status: container 1`] = `
<div>
  <div
    class="Layout--horizontal StyledProps--main StyledProps--flex StyledProps--flex-alignItems-center"
  >
    <span
      class="bp3-popover-wrapper bp3-dark"
    >
      <span
        class="bp3-popover-target"
      >
        <button
          aria-label="execution menu actions"
          class="bp3-button Button--button StyledProps--font StyledProps--main Button--with-current-color Button--iconOnly Button--withLeftIcon Button--variation Button--variation-icon"
          type="button"
        >
          <span
            class="bp3-icon StyledProps--main"
            data-icon="Options"
          >
            <svg
              fill="currentColor"
              height="16"
              viewBox="0 0 4 16"
              width="16"
              xmlns="http://www.w3.org/2000/svg"
            >
              <circle
                cx="2"
                cy="2"
                r="1.5"
              />
              <circle
                cx="2"
                cy="8"
                r="1.5"
              />
              <circle
                cx="2"
                cy="14"
                r="1.5"
              />
            </svg>
          </span>
        </button>
      </span>
    </span>
  </div>
</div>
`;

exports[`<ExecutionActions /> tests snapshot tests "NotStarted" status: container 1`] = `
<div>
  <div
    class="Layout--horizontal StyledProps--main StyledProps--flex StyledProps--flex-alignItems-center"
  >
    <span
      class="bp3-popover-wrapper bp3-dark"
    >
      <span
        class="bp3-popover-target"
      >
        <button
          aria-label="execution menu actions"
          class="bp3-button Button--button StyledProps--font StyledProps--main Button--with-current-color Button--iconOnly Button--withLeftIcon Button--variation Button--variation-icon"
          type="button"
        >
          <span
            class="bp3-icon StyledProps--main"
            data-icon="Options"
          >
            <svg
              fill="currentColor"
              height="16"
              viewBox="0 0 4 16"
              width="16"
              xmlns="http://www.w3.org/2000/svg"
            >
              <circle
                cx="2"
                cy="2"
                r="1.5"
              />
              <circle
                cx="2"
                cy="8"
                r="1.5"
              />
              <circle
                cx="2"
                cy="14"
                r="1.5"
              />
            </svg>
          </span>
        </button>
      </span>
    </span>
  </div>
</div>
`;

exports[`<ExecutionActions /> tests snapshot tests "Paused" status: container 1`] = `
<div>
  <div
    class="Layout--horizontal StyledProps--main StyledProps--flex StyledProps--flex-alignItems-center"
  >
    <span
      class="bp3-popover-wrapper bp3-dark"
    >
      <span
        class="bp3-popover-target"
      >
        <button
          aria-label="execution menu actions"
          class="bp3-button Button--button StyledProps--font StyledProps--main Button--with-current-color Button--iconOnly Button--withLeftIcon Button--variation Button--variation-icon"
          type="button"
        >
          <span
            class="bp3-icon StyledProps--main"
            data-icon="Options"
          >
            <svg
              fill="currentColor"
              height="16"
              viewBox="0 0 4 16"
              width="16"
              xmlns="http://www.w3.org/2000/svg"
            >
              <circle
                cx="2"
                cy="2"
                r="1.5"
              />
              <circle
                cx="2"
                cy="8"
                r="1.5"
              />
              <circle
                cx="2"
                cy="14"
                r="1.5"
              />
            </svg>
          </span>
        </button>
      </span>
    </span>
  </div>
</div>
`;

exports[`<ExecutionActions /> tests snapshot tests "Queued" status: container 1`] = `
<div>
  <div
    class="Layout--horizontal StyledProps--main StyledProps--flex StyledProps--flex-alignItems-center"
  >
    <span
      class="bp3-popover-wrapper bp3-dark"
    >
      <span
        class="bp3-popover-target"
      >
        <button
          aria-label="execution menu actions"
          class="bp3-button Button--button StyledProps--font StyledProps--main Button--with-current-color Button--iconOnly Button--withLeftIcon Button--variation Button--variation-icon"
          type="button"
        >
          <span
            class="bp3-icon StyledProps--main"
            data-icon="Options"
          >
            <svg
              fill="currentColor"
              height="16"
              viewBox="0 0 4 16"
              width="16"
              xmlns="http://www.w3.org/2000/svg"
            >
              <circle
                cx="2"
                cy="2"
                r="1.5"
              />
              <circle
                cx="2"
                cy="8"
                r="1.5"
              />
              <circle
                cx="2"
                cy="14"
                r="1.5"
              />
            </svg>
          </span>
        </button>
      </span>
    </span>
  </div>
</div>
`;

exports[`<ExecutionActions /> tests snapshot tests "ResourceWaiting" status: container 1`] = `
<div>
  <div
    class="Layout--horizontal StyledProps--main StyledProps--flex StyledProps--flex-alignItems-center"
  >
    <span
      class="bp3-popover-wrapper bp3-dark"
    >
      <span
        class="bp3-popover-target"
      >
        <button
          aria-label="execution menu actions"
          class="bp3-button Button--button StyledProps--font StyledProps--main Button--with-current-color Button--iconOnly Button--withLeftIcon Button--variation Button--variation-icon"
          type="button"
        >
          <span
            class="bp3-icon StyledProps--main"
            data-icon="Options"
          >
            <svg
              fill="currentColor"
              height="16"
              viewBox="0 0 4 16"
              width="16"
              xmlns="http://www.w3.org/2000/svg"
            >
              <circle
                cx="2"
                cy="2"
                r="1.5"
              />
              <circle
                cx="2"
                cy="8"
                r="1.5"
              />
              <circle
                cx="2"
                cy="14"
                r="1.5"
              />
            </svg>
          </span>
        </button>
      </span>
    </span>
  </div>
</div>
`;

exports[`<ExecutionActions /> tests snapshot tests "Running" status: container 1`] = `
<div>
  <div
    class="Layout--horizontal StyledProps--main StyledProps--flex StyledProps--flex-alignItems-center"
  >
    <span
      class="bp3-popover-wrapper bp3-dark"
    >
      <span
        class="bp3-popover-target"
      >
        <button
          aria-label="execution menu actions"
          class="bp3-button Button--button StyledProps--font StyledProps--main Button--with-current-color Button--iconOnly Button--withLeftIcon Button--variation Button--variation-icon"
          type="button"
        >
          <span
            class="bp3-icon StyledProps--main"
            data-icon="Options"
          >
            <svg
              fill="currentColor"
              height="16"
              viewBox="0 0 4 16"
              width="16"
              xmlns="http://www.w3.org/2000/svg"
            >
              <circle
                cx="2"
                cy="2"
                r="1.5"
              />
              <circle
                cx="2"
                cy="8"
                r="1.5"
              />
              <circle
                cx="2"
                cy="14"
                r="1.5"
              />
            </svg>
          </span>
        </button>
      </span>
    </span>
  </div>
</div>
`;

exports[`<ExecutionActions /> tests snapshot tests "Success" status: container 1`] = `
<div>
  <div
    class="Layout--horizontal StyledProps--main StyledProps--flex StyledProps--flex-alignItems-center"
  >
    <span
      class="bp3-popover-wrapper bp3-dark"
    >
      <span
        class="bp3-popover-target"
      >
        <button
          aria-label="execution menu actions"
          class="bp3-button Button--button StyledProps--font StyledProps--main Button--with-current-color Button--iconOnly Button--withLeftIcon Button--variation Button--variation-icon"
          type="button"
        >
          <span
            class="bp3-icon StyledProps--main"
            data-icon="Options"
          >
            <svg
              fill="currentColor"
              height="16"
              viewBox="0 0 4 16"
              width="16"
              xmlns="http://www.w3.org/2000/svg"
            >
              <circle
                cx="2"
                cy="2"
                r="1.5"
              />
              <circle
                cx="2"
                cy="8"
                r="1.5"
              />
              <circle
                cx="2"
                cy="14"
                r="1.5"
              />
            </svg>
          </span>
        </button>
      </span>
    </span>
  </div>
</div>
`;

exports[`<ExecutionActions /> tests snapshot tests "Suspended" status: container 1`] = `
<div>
  <div
    class="Layout--horizontal StyledProps--main StyledProps--flex StyledProps--flex-alignItems-center"
  >
    <span
      class="bp3-popover-wrapper bp3-dark"
    >
      <span
        class="bp3-popover-target"
      >
        <button
          aria-label="execution menu actions"
          class="bp3-button Button--button StyledProps--font StyledProps--main Button--with-current-color Button--iconOnly Button--withLeftIcon Button--variation Button--variation-icon"
          type="button"
        >
          <span
            class="bp3-icon StyledProps--main"
            data-icon="Options"
          >
            <svg
              fill="currentColor"
              height="16"
              viewBox="0 0 4 16"
              width="16"
              xmlns="http://www.w3.org/2000/svg"
            >
              <circle
                cx="2"
                cy="2"
                r="1.5"
              />
              <circle
                cx="2"
                cy="8"
                r="1.5"
              />
              <circle
                cx="2"
                cy="14"
                r="1.5"
              />
            </svg>
          </span>
        </button>
      </span>
    </span>
  </div>
</div>
`;
