// Jest Snapshot v1, https://goo.gl/fbAQLP

exports[`ServiceStudioDetails Service Entity Modal View check 1`] = `
<div>
  <div
    class="StyledProps--font StyledProps--main StyledProps--background-form StyledProps--padding-right-medium StyledProps--padding-left-huge"
  >
    <div
      class="StyledProps--font StyledProps--main"
    >
      <div
        class="StyledProps--font StyledProps--main serviceEntity StyledProps--padding-left-xsmall"
      >
        <div
          class="optionBtns"
        >
          <div
            class="PillToggle--optionBtns"
          >
            <div
              class="PillToggle--item PillToggle--selected"
              data-name="toggle-option-one"
              role="button"
              tabindex="0"
            >
              VISUAL
            </div>
            <div
              class="PillToggle--item"
              data-name="toggle-option-two"
              role="button"
              tabindex="0"
            >
              YAML
            </div>
          </div>
        </div>
        <div
          class="serviceStepBasicInfo"
        >
          <div
            class="OverlaySpinner--overlaySpinner"
          >
            <form
              action="#"
              class="FormikForm--main"
            >
              <div>
                <div
                  class="tabHeading"
                  id="serviceBasicInfo"
                >
                  cd.pipelineSteps.serviceTab.aboutYourService
                </div>
                <div
                  class="bp3-card bp3-elevation-0 Card--card sectionCard"
                >
                  <div
                    class="StyledProps--font StyledProps--main main nameIdDescriptionTags"
                  >
                    <div
                      class="InputWithIdentifier--txtNameContainer TextInput--main"
                    >
                      <div
                        class="Layout--horizontal Layout--layout-spacing-xsmall StyledProps--main InputWithIdentifier--txtIdContainer"
                      >
                        <div
                          class="Text--withDocsTooltip"
                          data-tooltip-id="universalInputNameWithId"
                        >
                          <p
                            class="StyledProps--font StyledProps--main"
                          >
                            Id
                          </p>
                        </div>
                        <p
                          class="StyledProps--font StyledProps--main"
                        >
                          :
                        </p>
                        <span
                          class="bp3-popover-wrapper"
                        >
                          <span
                            class="bp3-popover-target"
                          >
                            <div
                              class="bp3-editable-text bp3-disabled InputWithIdentifier--idValue"
                            >
                              <span
                                class="bp3-editable-text-content"
                                style="height: 1px; line-height: 1px; min-width: 0;"
                              >
                                Service_1
                              </span>
                            </div>
                          </span>
                        </span>
                      </div>
                      <div
                        class="bp3-form-group"
                        data-id="name-0"
                      >
                        <label
                          class="bp3-label"
                          for="name"
                        >
                          <span
                            class="Tooltip--acenter"
                            data-tooltip-id="service-entity_name"
                          >
                            name
                          </span>
                           
                          <span
                            class="bp3-text-muted"
                          />
                        </label>
                        <div
                          class="bp3-form-content"
                        >
                          <div
                            class="bp3-input-group"
                          >
                            <input
                              autocomplete="off"
                              class="bp3-input"
                              name="name"
                              type="text"
                              value="Service 1"
                            />
                          </div>
                        </div>
                      </div>
                    </div>
                    <div
                      class="StyledProps--font StyledProps--main"
                    >
                      <label
                        class="Label--main bp3-label descriptionLabel"
                      >
                        optionalField
                        <span
                          class="bp3-icon StyledProps--main editOpen"
                          data-icon="Edit"
                          data-name="edit"
                          data-testid="description-edit"
                        >
                          <svg
                            height="12"
                            viewBox="0 0 16 16"
                            width="12"
                            xmlns="http://www.w3.org/2000/svg"
                          >
                            <path
                              clip-rule="evenodd"
                              d="M11.207.485a.5.5 0 01.354-.146 3.5 3.5 0 013.5 3.5.5.5 0 01-.146.353l-11 11a.5.5 0 01-.354.147h-3a.5.5 0 01-.5-.5v-3a.5.5 0 01.146-.354l11-11zm.553.862L1.061 12.046v2.293h2.293l10.7-10.7a2.5 2.5 0 00-2.294-2.292z"
                              fill="currentColor"
                              fill-rule="evenodd"
                            />
                            <path
                              clip-rule="evenodd"
                              d="M11.89 2.646a.5.5 0 010 .708L8.353 6.889a.5.5 0 01-.708-.707l3.536-3.536a.5.5 0 01.707 0z"
                              fill="currentColor"
                              fill-rule="evenodd"
                              opacity="0.3"
                            />
                          </svg>
                        </span>
                      </label>
                    </div>
                    <div
                      class="StyledProps--font StyledProps--main"
                    >
                      <label
                        class="Label--main bp3-label descriptionLabel"
                      >
                        optionalField
                        <span
                          class="bp3-icon StyledProps--main editOpen"
                          data-icon="Edit"
                          data-name="edit"
                          data-testid="tags-edit"
                        >
                          <svg
                            height="12"
                            viewBox="0 0 16 16"
                            width="12"
                            xmlns="http://www.w3.org/2000/svg"
                          >
                            <path
                              clip-rule="evenodd"
                              d="M11.207.485a.5.5 0 01.354-.146 3.5 3.5 0 013.5 3.5.5.5 0 01-.146.353l-11 11a.5.5 0 01-.354.147h-3a.5.5 0 01-.5-.5v-3a.5.5 0 01.146-.354l11-11zm.553.862L1.061 12.046v2.293h2.293l10.7-10.7a2.5 2.5 0 00-2.294-2.292z"
                              fill="currentColor"
                              fill-rule="evenodd"
                            />
                            <path
                              clip-rule="evenodd"
                              d="M11.89 2.646a.5.5 0 010 .708L8.353 6.889a.5.5 0 01-.708-.707l3.536-3.536a.5.5 0 01.707 0z"
                              fill="currentColor"
                              fill-rule="evenodd"
                              opacity="0.3"
                            />
                          </svg>
                        </span>
                      </label>
                    </div>
                  </div>
                </div>
              </div>
            </form>
          </div>
        </div>
        <div
          class="contentSection"
        >
          <div
            class="tabHeading"
            id="serviceDefinition"
          >
            cd.pipelineSteps.serviceTab.manifest.serviceDefinition
          </div>
          <div
            class="bp3-card bp3-elevation-0 Card--card sectionCard"
          >
            <div
              class="tabSubHeading ng-tooltip-native"
              data-tooltip-id="stageOverviewDeploymentType"
            >
              deploymentTypeText
            </div>
            <div
              class="Layout--vertical StyledProps--main StyledProps--margin-bottom-medium"
            >
              <div
                class="Layout--vertical StyledProps--main StyledProps--padding-right-huge"
              >
                <div
                  class="Layout--horizontal StyledProps--main cardListContainer"
                >
                  <label
                    class="Thumbnail--squareCardContainer"
                  >
                    <div
                      class="bp3-card bp3-elevation-0 Card--card Thumbnail--squareCard Card--selected Card--disabled"
                    >
                      <span
                        class="Card--corner"
                      >
                        <span
                          class="Card--badge"
                        />
                        <span
                          class="bp3-icon StyledProps--main StyledProps--color StyledProps--color-white"
                          data-icon="main-tick"
                        >
                          <svg
                            height="10"
                            viewBox="0 0 11 8"
                            width="10"
                            xmlns="http://www.w3.org/2000/svg"
                          >
                            <path
                              d="M9.219.894c.356-.38.982-.413 1.398-.072.391.32.457.857.167 1.236l-.06.07-5.138 5.486c-.362.386-.993.41-1.403.068l-.07-.064-3.2-3.214A.88.88 0 01.95 3.098a1.045 1.045 0 011.328-.003l.074.067 2.443 2.454L9.22.894z"
                              fill="currentColor"
                            />
                          </svg>
                        </span>
                      </span>
                      <span
                        class="bp3-icon StyledProps--main"
                        data-icon="service-kubernetes"
                      >
                        <svg
                          height="26"
                          viewBox="0 0 14 14"
                          width="26"
                          xmlns="http://www.w3.org/2000/svg"
                        >
                          <path
                            d="M7 .4c-.1 0-.2 0-.3.1L2 2.7c-.2.1-.4.3-.5.6l-1.2 5c-.1.2 0 .5.1.7l.1.1 3.2 4c.2.2.4.3.7.3h5.2c.3 0 .5-.1.7-.3l3.2-4c.2-.2.2-.5.2-.7l-1.2-5c-.1-.3-.2-.5-.5-.6L7.3.6c0-.1-.2-.2-.3-.2z"
                            fill="#326ce5"
                          />
                          <path
                            d="M7 2.1c-.2 0-.3.1-.3.3v.9c0 .1-.1.1-.1.1v.1c-.2 0-.3 0-.5.1-.7.2-1.4.5-1.8 1l-.1-.1H4c-.1-.1-.2-.2-.4-.3L3.4 4h-.1c-.1 0-.1-.1-.2-.1s-.2 0-.2.1c-.1.1-.1.3.1.4h.1c.1.1.2.1.2.1.2.1.3.2.4.3 0 0 .1.1.1.2l.1.1c-.5.7-.7 1.6-.6 2.5h-.1l-.1.1c-.1 0-.3.1-.5.1h-.4c-.2 0-.3.2-.2.3 0 .1.2.2.4.2h.1c.1 0 .2-.1.3-.1.2-.1.3-.1.5-.1.1 0 .1 0 .2.1h.1c.3.9.9 1.6 1.6 2l-.1.1v.2c-.1.1-.1.3-.3.5-.1.1-.1.1-.1.2v.1c-.1.2 0 .3.1.4s.3 0 .4-.2v-.1c0-.1.1-.2.1-.3.1-.2.1-.4.2-.5 0 0 .1 0 .1-.1l.1-.1c.6.2 1.4.3 2.1.2.2 0 .3-.1.5-.1l.1.1s.1 0 .1.1c.1.1.1.3.2.5 0 .1 0 .2.1.3v.1c.1.2.2.2.4.2.1-.1.2-.2.1-.4v-.1c0-.1-.1-.1-.1-.2-.1-.2-.2-.3-.2-.4V10.4c.8-.5 1.3-1.2 1.6-2h.1s.1-.1.2-.1.3.1.5.1c.1 0 .2.1.3.1h.1c.2 0 .3-.1.4-.2 0-.1-.1-.3-.2-.3h-.4c-.2 0-.4 0-.5-.1-.1 0-.1-.1-.1-.1h-.1c.1-.4 0-.9-.1-1.3s-.3-.9-.5-1.2l.1-.1c0-.1 0-.1.1-.2s.2-.2.4-.3c.1 0 .2-.1.2-.1h.1c.1-.1.2-.3.1-.4s-.3-.1-.4 0h-.1l-.2.2c-.1.1-.3.3-.4.3H10l-.1.1c-.6-.6-1.4-1-2.3-1.1v-.1l-.1-.1V3v-.4c-.2-.3-.3-.5-.5-.5zm-.3 2.2l-.1 1.5c0 .1-.1.2-.2.2h-.1l-1.2-.9c.4-.4.8-.6 1.4-.8zm.7 0c.6.1 1.2.4 1.7.8l-1.2.8c-.1.1-.3.1-.3 0l-.1-.1zM4.6 5.7l1.1 1c.1.1.1.2 0 .3l-.1.1-1.4.4c-.1-.7 0-1.3.4-1.8zm4.9 0c.2.3.3.6.4.9s.1.6.1.9l-1.4-.4c-.1 0-.2-.2-.2-.3s0-.1.1-.1zm-2.7 1h.4l.3.3-.1.4-.4.2-.4-.2-.1-.4zm1.4 1.2c.1 0 .1 0 0 0l1.5.2c-.2.6-.6 1.1-1.2 1.5l-.6-1.4c.1-.1.1-.2.3-.3zm-2.4 0c.1 0 .2.1.2.2v.2l-.6 1.4c-.5-.3-.9-.8-1.2-1.5zm1.2.6l.2.1.7 1.3c-.1 0-.2.1-.3.1-.5.1-1.1.1-1.6-.1l.7-1.3c.2 0 .2-.1.3-.1z"
                            fill="#fff"
                            stroke="#fff"
                            stroke-width="0.25"
                          />
                        </svg>
                      </span>
                    </div>
                    <p
                      class="StyledProps--font StyledProps--main Thumbnail--label StyledProps--font-weight-semi-bold StyledProps--color StyledProps--color-grey500 StyledProps--margin-top-small"
                    >
                      pipeline.serviceDeploymentTypes.kubernetes
                    </p>
                    <input
                      checked=""
                      disabled=""
                      type="checkbox"
                      value="Kubernetes"
                    />
                  </label>
                </div>
              </div>
            </div>
            <label
              class="bp3-control bp3-checkbox bp3-disabled StyledProps--font Checkbox--checkbox gitOpsCheck StyledProps--main"
            >
              <input
                disabled=""
                name="gitOpsEnabled"
                type="checkbox"
              />
              <span
                class="bp3-control-indicator"
              />
              common.gitOps
            </label>
          </div>
          <div
            class="Layout--horizontal StyledProps--main"
          />
        </div>
      </div>
    </div>
  </div>
  <div
    class="Layout--horizontal Layout--layout-spacing-medium StyledProps--main stickyBtnContainer StyledProps--padding-top-xlarge StyledProps--padding-left-huge StyledProps--padding-bottom-large"
  >
    <button
      aria-label="save"
      class="bp3-button Button--button StyledProps--font StyledProps--main saveButton Button--with-current-color Button--variation Button--variation-primary"
      type="button"
    >
      <span
        class="bp3-button-text"
      >
        save
      </span>
    </button>
    <button
      aria-label="cancel"
      class="bp3-button Button--button StyledProps--font StyledProps--main Button--with-current-color Button--variation Button--variation-tertiary"
      type="button"
    >
      <span
        class="bp3-button-text"
      >
        cancel
      </span>
    </button>
  </div>
</div>
`;

exports[`ServiceStudioDetails renders correctly 1`] = `
<div>
  <div
    class="StyledProps--font StyledProps--main tabsContainer"
  >
    <div
      class="bp3-tabs Tabs--main Tabs--horizontal"
    >
      <div
        class="bp3-tab-list"
        role="tablist"
      >
        <div
          class="bp3-tab-indicator-wrapper"
          style="display: none;"
        >
          <div
            class="bp3-tab-indicator"
          />
        </div>
        <div
          aria-controls="bp3-tab-panel_serviceDetailsTab_summaryTab"
          aria-disabled="false"
          aria-expanded="false"
          aria-selected="false"
          class="bp3-tab"
          data-tab-id="summaryTab"
          id="bp3-tab-title_serviceDetailsTab_summaryTab"
          role="tab"
          tabindex="0"
        >
          summary
        </div>
        <div
          aria-controls="bp3-tab-panel_serviceDetailsTab_configuration"
          aria-disabled="false"
          aria-expanded="false"
          aria-selected="false"
          class="bp3-tab"
          data-tab-id="configuration"
          id="bp3-tab-title_serviceDetailsTab_configuration"
          role="tab"
          tabindex="0"
        >
          configuration
        </div>
        <div
          aria-controls="bp3-tab-panel_serviceDetailsTab_referencedByTab"
          aria-disabled="false"
          aria-expanded="false"
          aria-selected="false"
          class="bp3-tab"
          data-tab-id="referencedByTab"
          id="bp3-tab-title_serviceDetailsTab_referencedByTab"
          role="tab"
          tabindex="0"
        >
          referencedBy
        </div>
        <div
          class="bp3-flex-expander"
        />
      </div>
    </div>
  </div>
</div>
`;

exports[`ServiceStudioDetails renders loading spinner correctly 1`] = `
<div>
  <div
    class="StyledProps--font StyledProps--main PageSpinner--spinner PageSpinner--fixed StyledProps--flex StyledProps--flex-align-center-center"
    data-testid="page-spinner"
  >
    <div
      class="Layout--vertical Layout--layout-spacing-medium StyledProps--main PageSpinner--content"
      style="align-items: center; width: 500px;"
    >
      <span
        class="bp3-icon StyledProps--main StyledProps--color StyledProps--color-grey600"
        data-icon="steps-spinner"
      >
        <svg
          height="32"
          viewBox="0 0 128 128"
          width="32"
          xmlns="http://www.w3.org/2000/svg"
        >
          <g>
            <path
              d="M122.5 69.25H96.47a33.1 33.1 0 000-10.5h26.05a5.25 5.25 0 010 10.5z"
              fill="#ff8e02"
            />
            <path
              d="M112.04 97.83L89.47 84.8a33.1 33.1 0 005.25-9.1l22.57 13.03a5.25 5.25 0 01-5.28 9.1zM88.68 117.35L75.65 94.78a33.1 33.1 0 009.1-5.25l13.02 22.57a5.25 5.25 0 11-9.1 5.25zM58.7 122.57V96.5a33.1 33.1 0 0010.5 0v26.07a5.25 5.25 0 01-10.5 0zM30.1 112.1l13.04-22.57a33.1 33.1 0 009.1 5.25L39.2 117.35a5.25 5.25 0 11-9.1-5.25zM10.6 88.74L33.16 75.7a33.1 33.1 0 005.25 9.1L15.88 97.83a5.25 5.25 0 11-5.25-9.1z"
              fill="#ffddb3"
              fill-opacity="0.3"
            />
            <path
              d="M5.37 58.75h26.06a33.1 33.1 0 000 10.5H5.37a5.25 5.25 0 010-10.5z"
              fill="#ffd29a"
              fill-opacity="0.4"
            />
            <path
              d="M15.85 30.17L38.4 43.2a33.1 33.1 0 00-5.24 9.1L10.6 39.25a5.25 5.25 0 115.25-9.1z"
              fill="#ffc680"
              fill-opacity="0.5"
            />
            <path
              d="M39.2 10.65l13.03 22.57a33.1 33.1 0 00-9.1 5.25l-13-22.57a5.25 5.25 0 119.1-5.25z"
              fill="#ffbb67"
              fill-opacity="0.6"
            />
            <path
              d="M69.2 5.43V31.5a33.1 33.1 0 00-10.5 0V5.42a5.25 5.25 0 1110.5 0z"
              fill="#ffb04d"
              fill-opacity="0.7"
            />
            <path
              d="M97.77 15.9L84.75 38.47a33.1 33.1 0 00-9.1-5.25l13.03-22.57a5.25 5.25 0 119.1 5.25z"
              fill="#ffa535"
              fill-opacity="0.8"
            />
            <path
              d="M117.3 39.26L94.7 52.3a33.1 33.1 0 00-5.25-9.1l22.57-13.03a5.25 5.25 0 015.25 9.1z"
              fill="#ff991b"
              fill-opacity="0.9"
            />
            <animatetransform
              attributeName="transform"
              calcMode="discrete"
              dur="1200ms"
              repeatCount="indefinite"
              type="rotate"
              values="0 64 64;30 64 64;60 64 64;90 64 64;120 64 64;150 64 64;180 64 64;210 64 64;240 64 64;270 64 64;300 64 64;330 64 64"
            />
          </g>
        </svg>
      </span>
      <p
        class="StyledProps--font StyledProps--main StyledProps--font-size-medium StyledProps--font-align-center StyledProps--color StyledProps--color-grey600"
      >
        Loading, please wait...
      </p>
    </div>
  </div>
  <div />
   
</div>
`;
