// Jest Snapshot v1, https://goo.gl/fbAQLP

exports[`ServerlessAwsLambdaServiceSpec tests When stepViewType is InputSet render properly when stepViewType is InputSet 1`] = `
<div>
  <div
    class="Layout--vertical Layout--layout-spacing-medium StyledProps--main StyledProps--margin-bottom-xlarge"
  />
</div>
`;

exports[`ServerlessAwsLambdaServiceSpec tests When stepViewType is InputVariable render properly when stepViewType is InputVariable 1`] = `
<div>
  <div
    class="Accordion--panel"
    data-open="false"
    data-testid="undefined.Variables-panel"
    id="undefined.Variables-panel"
  >
    <div
      class="Accordion--summary accordianSummaryL1"
      data-testid="undefined.Variables-summary"
    >
      <div
        class=""
      >
        <div
          class="accordionSummary"
        >
          <span
            class="bp3-icon StyledProps--main iconCollapsed"
            data-icon="accordion-collapsed"
          >
            <svg
              fill="none"
              height="12"
              viewBox="0 0 12 12"
              width="12"
              xmlns="http://www.w3.org/2000/svg"
            >
              <rect
                fill="#F3F3FA"
                height="11.5"
                rx="0.75"
                stroke="#9293AB"
                stroke-width="0.5"
                width="11.5"
                x="0.25"
                y="0.25"
              />
              <path
                d="M10 6.571H6.571V10H5.43V6.571H2V5.43h3.429V2H6.57v3.429H10V6.57z"
                fill="#0A3364"
                opacity="0.7"
              />
            </svg>
          </span>
          <span
            class="bp3-icon StyledProps--main iconExpanded"
            data-icon="accordion-expanded"
          >
            <svg
              fill="none"
              height="12"
              viewBox="0 0 12 11"
              width="12"
              xmlns="http://www.w3.org/2000/svg"
            >
              <rect
                fill="#F3F3FA"
                height="10.5"
                rx="0.75"
                stroke="#9293AB"
                stroke-width="0.5"
                width="11.5"
                x="0.25"
                y="0.25"
              />
              <path
                d="M10 6.143H2V5h8v1.143z"
                fill="#0A3364"
                opacity="0.7"
              />
            </svg>
          </span>
          <p
            class="StyledProps--font StyledProps--main StyledProps--font-variation-h6"
          >
            <p
              class="StyledProps--font StyledProps--main StyledProps--font-variation-small-semi StyledProps--color StyledProps--color-black"
            >
              common.variables
            </p>
          </p>
        </div>
      </div>
      <div
        class="Accordion--chevron"
      />
    </div>
    <div
      class="bp3-collapse Accordion--collapse"
    >
      <div
        aria-hidden="false"
        class="bp3-collapse-body"
        style="transform: translateY(-undefinedpx);"
      />
    </div>
  </div>
</div>
`;
