// Jest Snapshot v1, https://goo.gl/fbAQLP

exports[`Test SelectGitProvider component User selects Harness provider and Access Token authentication method 1`] = `
<div>
  <div
    class="Layout--vertical StyledProps--main"
    style="width: 70%;"
  >
    <p
      class="StyledProps--font StyledProps--main StyledProps--font-variation-h4"
    >
      ci.getStartedWithCI.codeRepo
    </p>
    <div
      class="OverlaySpinner--overlaySpinner"
    >
      <form
        action="#"
        class="FormikForm--main"
      >
        <div>
          <div
            class="StyledProps--font StyledProps--main StyledProps--padding-top-xxlarge StyledProps--padding-bottom-xxxlarge"
          >
            <div
              class="Layout--horizontal Layout--layout-spacing-large StyledProps--main"
            >
              <div
                class="icons"
              >
                <div
                  class="bp3-card bp3-interactive bp3-elevation-0 Card--card gitProviderCard Card--selected Card--interactive"
                  data-index="0"
                  tabindex="0"
                >
                  <span
                    class="Card--corner"
                  >
                    <span
                      class="Card--badge"
                    />
                    <span
                      class="bp3-icon StyledProps--main StyledProps--color StyledProps--color-white"
                      data-icon="main-tick"
                    >
                      <svg
                        height="10"
                        viewBox="0 0 11 8"
                        width="10"
                        xmlns="http://www.w3.org/2000/svg"
                      >
                        <path
                          d="M9.219.894c.356-.38.982-.413 1.398-.072.391.32.457.857.167 1.236l-.06.07-5.138 5.486c-.362.386-.993.41-1.403.068l-.07-.064-3.2-3.214A.88.88 0 01.95 3.098a1.045 1.045 0 011.328-.003l.074.067 2.443 2.454L9.22.894z"
                          fill="currentColor"
                        />
                      </svg>
                    </span>
                  </span>
                  <div
                    class="Layout--vertical StyledProps--main StyledProps--flex"
                  >
                    <span
                      class="bp3-icon StyledProps--main codeIcon StyledProps--flex"
                      data-icon="code"
                    >
                      <svg
                        fill="none"
                        height="30"
                        viewBox="0 0 40 40"
                        width="30"
                        xmlns="http://www.w3.org/2000/svg"
                      >
                        <lineargradient
                          gradientUnits="userSpaceOnUse"
                          id="code_svg__a"
                          x1="10.644"
                          x2="36.25"
                          y1="3.75"
                          y2="36.25"
                        >
                          <stop
                            offset="0"
                            stop-color="#f96459"
                          />
                          <stop
                            offset="1"
                            stop-color="#ea473b"
                          />
                        </lineargradient>
                        <path
                          clip-rule="evenodd"
                          d="M20 36.25c8.975 0 16.25-7.275 16.25-16.25S28.975 3.75 20 3.75c-2.575 0-5.01.6-7.175 1.666l4.409 4.164a3.04 3.04 0 011.732-.541c1.713 0 3.102 1.42 3.102 3.173 0 .566-.145 1.098-.399 1.558l4.262 4.026c.398-.189.84-.295 1.308-.295 1.713 0 3.102 1.421 3.102 3.174s-1.389 3.173-3.102 3.173c-1.714 0-3.102-1.42-3.102-3.173 0-.501.113-.975.315-1.397l-4.352-4.11a3.031 3.031 0 01-.772.197l-2.306 11.1a3.189 3.189 0 011.427 2.672c0 1.753-1.389 3.174-3.102 3.174-1.714 0-3.103-1.421-3.103-3.174 0-1.635 1.21-2.982 2.764-3.155l2.303-11.085a3.188 3.188 0 01-1.447-2.685c0-.32.046-.63.133-.921l-5.06-4.78C6.6 9.429 3.75 14.38 3.75 20c0 8.975 7.275 16.25 16.25 16.25z"
                          fill="url(#code_svg__a)"
                          fill-rule="evenodd"
                        />
                      </svg>
                    </span>
                    <p
                      class="StyledProps--font StyledProps--main StyledProps--font-variation-small-semi StyledProps--padding-top-small"
                    >
                      harness
                    </p>
                  </div>
                </div>
                <div
                  class="bp3-card bp3-interactive bp3-elevation-0 Card--card gitProviderCard Card--interactive"
                  data-index="1"
                  tabindex="0"
                >
                  <div
                    class="Layout--vertical StyledProps--main StyledProps--flex"
                  >
                    <span
                      class="bp3-icon StyledProps--main githubIcon StyledProps--flex"
                      data-icon="github"
                    >
                      <svg
                        height="30"
                        viewBox="0 0 24 24"
                        width="30"
                        xmlns="http://www.w3.org/2000/svg"
                      >
                        <path
                          d="M12 .297c-6.63 0-12 5.373-12 12 0 5.303 3.438 9.8 8.205 11.385.6.113.82-.258.82-.577 0-.285-.01-1.04-.015-2.04-3.338.724-4.042-1.61-4.042-1.61C4.422 18.07 3.633 17.7 3.633 17.7c-1.087-.744.084-.729.084-.729 1.205.084 1.838 1.236 1.838 1.236 1.07 1.835 2.809 1.305 3.495.998.108-.776.417-1.305.76-1.605-2.665-.3-5.466-1.332-5.466-5.93 0-1.31.465-2.38 1.235-3.22-.135-.303-.54-1.523.105-3.176 0 0 1.005-.322 3.3 1.23.96-.267 1.98-.399 3-.405 1.02.006 2.04.138 3 .405 2.28-1.552 3.285-1.23 3.285-1.23.645 1.653.24 2.873.12 3.176.765.84 1.23 1.91 1.23 3.22 0 4.61-2.805 5.625-5.475 5.92.42.36.81 1.096.81 2.22 0 1.606-.015 2.896-.015 3.286 0 .315.21.69.825.57C20.565 22.092 24 17.592 24 12.297c0-6.627-5.373-12-12-12"
                        />
                      </svg>
                    </span>
                    <p
                      class="StyledProps--font StyledProps--main StyledProps--font-variation-small-semi StyledProps--padding-top-small"
                    >
                      common.repo_provider.githubLabel
                    </p>
                  </div>
                </div>
                <div
                  class="bp3-card bp3-interactive bp3-elevation-0 Card--card gitProviderCard Card--interactive"
                  data-index="2"
                  tabindex="0"
                >
                  <div
                    class="Layout--vertical StyledProps--main StyledProps--flex"
                  >
                    <span
                      class="bp3-icon StyledProps--main gitlabIcon StyledProps--flex"
                      data-icon="gitlab"
                    >
                      <svg
                        fill="none"
                        height="30"
                        width="30"
                        xmlns="http://www.w3.org/2000/svg"
                      >
                        <g
                          clip-rule="evenodd"
                          fill-rule="evenodd"
                        >
                          <path
                            d="M12 22.108l4.42-13.6H7.58z"
                            fill="#e24329"
                          />
                          <path
                            d="M12 22.108l-4.42-13.6H1.389z"
                            fill="#fc6d26"
                          />
                          <path
                            d="M1.388 8.508L.045 12.641a.915.915 0 00.332 1.023L12 22.109z"
                            fill="#fca326"
                          />
                          <path
                            d="M1.388 8.508H7.58L4.919.316a.457.457 0 00-.87 0z"
                            fill="#e24329"
                          />
                          <path
                            d="M12 22.108l4.42-13.6h6.192z"
                            fill="#fc6d26"
                          />
                          <path
                            d="M22.612 8.508l1.343 4.133a.915.915 0 01-.332 1.023L12 22.109z"
                            fill="#fca326"
                          />
                          <path
                            d="M22.612 8.508H16.42L19.081.316a.457.457 0 01.87 0z"
                            fill="#e24329"
                          />
                        </g>
                      </svg>
                    </span>
                    <p
                      class="StyledProps--font StyledProps--main StyledProps--font-variation-small-semi StyledProps--padding-top-small"
                    >
                      common.repo_provider.gitlabLabel
                    </p>
                  </div>
                </div>
                <div
                  class="bp3-card bp3-interactive bp3-elevation-0 Card--card gitProviderCard Card--interactive"
                  data-index="3"
                  tabindex="0"
                >
                  <div
                    class="Layout--vertical StyledProps--main StyledProps--flex"
                  >
                    <span
                      class="bp3-icon StyledProps--main bitbucketIcon StyledProps--flex"
                      data-icon="bitbucket-blue"
                    >
                      <svg
                        fill="none"
                        height="30"
                        width="30"
                        xmlns="http://www.w3.org/2000/svg"
                      >
                        <path
                          d="M.78 0a.764.764 0 00-.77.89L3.27 20.7c.08.5.52.87 1.02.87h15.66c.38 0 .71-.27.77-.65L23.99.9a.768.768 0 00-.64-.88c-.05-.01-.09-.01-.13-.01zm13.74 14.32h-5L8.17 7.25h7.56z"
                          fill="#0357d1"
                        />
                      </svg>
                    </span>
                    <p
                      class="StyledProps--font StyledProps--main StyledProps--font-variation-small-semi StyledProps--padding-top-small"
                    >
                      common.repo_provider.bitbucketLabel
                    </p>
                  </div>
                </div>
              </div>
              <div
                class="bp3-divider"
              />
              <div
                class="icons"
              >
                <div
                  class="bp3-card bp3-interactive bp3-elevation-0 Card--card otherGitProviderCard Card--interactive"
                  data-index="0"
                  tabindex="0"
                >
                  <div
                    class="toolTipArea"
                  >
                    <span
                      class="Tooltip--acenter"
                      data-tooltip-id="otherGit"
                    />
                  </div>
                  <div
                    class="iconArea"
                  >
                    <span
                      class="bp3-icon StyledProps--main genericGitIcon StyledProps--flex StyledProps--color StyledProps--color-black"
                      data-icon="service-github"
                    >
                      <svg
                        height="30"
                        viewBox="0 0 14 14"
                        width="30"
                        xmlns="http://www.w3.org/2000/svg"
                      >
                        <path
                          d="M13.6 6.4l-6-6C7.3.1 6.7.1 6.4.4L5.1 1.6l1.6 1.6c.4-.1.8 0 1.1.3s.4.7.2 1.1l1.5 1.5c.4-.1.8 0 1.1.2.4.4.4 1.1 0 1.5s-1.1.4-1.5 0c-.3-.3-.3-.7-.2-1.1L7.5 5.3V9c.1 0 .2.1.3.2.4.4.4 1.1 0 1.5s-1.1.4-1.5 0-.4-1.1 0-1.5c.1-.1.2-.2.3-.2V5.2c-.1-.1-.2-.1-.3-.2-.3-.4-.4-.8-.2-1.2L4.5 2.3.4 6.4c-.3.3-.3.9 0 1.2l6 6c.3.3.9.3 1.2 0l6-6c.3-.3.3-.9 0-1.2z"
                          fill="#f42534"
                        />
                      </svg>
                    </span>
                    <p
                      class="StyledProps--font StyledProps--main StyledProps--font-variation-small-semi StyledProps--padding-top-small"
                    >
                      common.other
                    </p>
                  </div>
                </div>
              </div>
            </div>
          </div>
        </div>
      </form>
    </div>
  </div>
</div>
`;
