// Jest Snapshot v1, https://goo.gl/fbAQLP

exports[`useImportEntity tests snapshot testing 1`] = `
<div
  class="bp3-dialog padded-dialog"
  style="width: 800px; padding-top: 36px;"
>
  <div
    class="bp3-dialog-header"
  >
    <h4
      class="bp3-heading"
    >
      common.importEntityFromGit
    </h4>
    <button
      aria-label="Close"
      class="bp3-button bp3-minimal bp3-dialog-close-button"
      type="button"
    >
      <span
        class="bp3-icon bp3-icon-small-cross"
        icon="small-cross"
      >
        <svg
          data-icon="small-cross"
          height="20"
          viewBox="0 0 20 20"
          width="20"
        >
          <desc>
            small-cross
          </desc>
          <path
            d="M11.41 10l3.29-3.29c.19-.18.3-.43.3-.71a1.003 1.003 0 00-1.71-.71L10 8.59l-3.29-3.3a1.003 1.003 0 00-1.42 1.42L8.59 10 5.3 13.29c-.19.18-.3.43-.3.71a1.003 1.003 0 001.71.71l3.29-3.3 3.29 3.29c.18.19.43.3.71.3a1.003 1.003 0 00.71-1.71L11.41 10z"
            fill-rule="evenodd"
          />
        </svg>
      </span>
    </button>
  </div>
  <div
    class="StyledProps--font StyledProps--main migrateResourceForm"
  >
    <div
      class="OverlaySpinner--overlaySpinner"
    >
      <form
        action="#"
        class="FormikForm--main"
      >
        <div>
          <div
            class="StyledProps--font StyledProps--main gitSyncForm gitSyncForm StyledProps--padding-top-large"
          >
            <div
              class="Layout--horizontal StyledProps--main"
            >
              <div
                class="Layout--vertical StyledProps--main"
              >
                <div
                  class="bp3-form-group"
                  data-id="null-0"
                >
                  <label
                    class="bp3-label"
                  >
                    <span
                      class="Tooltip--acenter"
                      data-tooltip-id="importResource_connectorRef"
                    >
                      platform.connectors.title.gitConnector
                    </span>
                     
                    <span
                      class="bp3-text-muted"
                    />
                  </label>
                  <div
                    class="bp3-form-content"
                  >
                    <button
                      class="bp3-button bp3-minimal Button--button StyledProps--font StyledProps--main container Button--iconOnly Button--without-shadow Button--withRightIcon"
                      data-testid="cr-field-connectorRef"
                      style="width: 350px;"
                      type="button"
                    >
                      <span
                        class="bp3-button-text"
                      >
                        <span
                          class="placeholder"
                        >
                          - select -
                        </span>
                      </span>
                      <span
                        class="bp3-icon bp3-icon-chevron-down StyledProps--main"
                        icon="chevron-down"
                      >
                        <svg
                          data-icon="chevron-down"
                          height="14"
                          viewBox="0 0 16 16"
                          width="14"
                        >
                          <desc>
                            chevron-down
                          </desc>
                          <path
                            d="M12 5c-.28 0-.53.11-.71.29L8 8.59l-3.29-3.3a1.003 1.003 0 00-1.42 1.42l4 4c.18.18.43.29.71.29s.53-.11.71-.29l4-4A1.003 1.003 0 0012 5z"
                            fill-rule="evenodd"
                          />
                        </svg>
                      </span>
                    </button>
                  </div>
                </div>
                <div
                  class="Layout--horizontal StyledProps--main"
                >
                  <div
                    class="bp3-form-group"
                    data-id="repo-1"
                  >
                    <label
                      class="bp3-label"
                      for="repo"
                    >
                      <span
                        class="Tooltip--acenter"
                        data-tooltip-id="importResource_repo"
                      >
                        repository
                      </span>
                       
                      <span
                        class="bp3-text-muted"
                      />
                    </label>
                    <div
                      class="bp3-form-content"
                    >
                      <div
                        class="bp3-popover-wrapper Select--main bp3-fill"
                      >
                        <div
                          class="bp3-popover-target"
                        >
                          <div
                            class="bp3-input-group"
                          >
                            <input
                              autocomplete="off"
                              class="bp3-input"
                              name="repo"
                              placeholder="- common.git.selectRepositoryPlaceholder -"
                              style="padding-right: 0px;"
                              type="text"
                              value=""
                            />
                            <span
                              class="bp3-input-action"
                            >
                              <span
                                class="bp3-icon bp3-icon-chevron-down StyledProps--main StyledProps--padding-small"
                                icon="chevron-down"
                              >
                                <svg
                                  data-icon="chevron-down"
                                  height="14"
                                  viewBox="0 0 16 16"
                                  width="14"
                                >
                                  <desc>
                                    chevron-down
                                  </desc>
                                  <path
                                    d="M12 5c-.28 0-.53.11-.71.29L8 8.59l-3.29-3.3a1.003 1.003 0 00-1.42 1.42l4 4c.18.18.43.29.71.29s.53-.11.71-.29l4-4A1.003 1.003 0 0012 5z"
                                    fill-rule="evenodd"
                                  />
                                </svg>
                              </span>
                            </span>
                          </div>
                        </div>
                      </div>
                    </div>
                  </div>
                </div>
                <div
                  class="Layout--horizontal StyledProps--main"
                >
                  <div
                    class="bp3-form-group branchSelector"
                    data-id="branch-2"
                  >
                    <label
                      class="bp3-label"
                      for="branch"
                    >
                      <span
                        class="Tooltip--acenter"
                        data-tooltip-id="importResource_branch"
                      >
                        gitBranch
                      </span>
                       
                      <span
                        class="bp3-text-muted"
                      />
                    </label>
                    <div
                      class="bp3-form-content"
                    >
                      <div
                        class="bp3-popover-wrapper Select--main bp3-fill"
                      >
                        <div
                          class="bp3-popover-target"
                        >
                          <div
                            class="bp3-input-group"
                          >
                            <input
                              autocomplete="off"
                              class="bp3-input"
                              name="branch"
                              placeholder="- common.git.selectBranchPlaceholder -"
                              style="padding-right: 0px;"
                              type="text"
                              value="main"
                            />
                            <span
                              class="bp3-input-action"
                            >
                              <span
                                class="bp3-icon bp3-icon-chevron-down StyledProps--main StyledProps--padding-small"
                                icon="chevron-down"
                              >
                                <svg
                                  data-icon="chevron-down"
                                  height="14"
                                  viewBox="0 0 16 16"
                                  width="14"
                                >
                                  <desc>
                                    chevron-down
                                  </desc>
                                  <path
                                    d="M12 5c-.28 0-.53.11-.71.29L8 8.59l-3.29-3.3a1.003 1.003 0 00-1.42 1.42l4 4c.18.18.43.29.71.29s.53-.11.71-.29l4-4A1.003 1.003 0 0012 5z"
                                    fill-rule="evenodd"
                                  />
                                </svg>
                              </span>
                            </span>
                          </div>
                        </div>
                      </div>
                    </div>
                  </div>
                </div>
                <div
                  class="bp3-form-group"
                  data-id="filePath-3"
                >
                  <label
                    class="bp3-label"
                    for="filePath"
                  >
                    <span
                      class="Tooltip--acenter"
                      data-tooltip-id="importResource_filePath"
                    >
                      gitsync.gitSyncForm.yamlPathLabel
                    </span>
                     
                    <span
                      class="bp3-text-muted"
                    />
                  </label>
                  <div
                    class="bp3-form-content"
                  >
                    <div
                      class="bp3-input-group"
                    >
                      <input
                        autocomplete="off"
                        class="bp3-input"
                        name="filePath"
                        placeholder="gitsync.gitSyncForm.enterYamlPath"
                        type="text"
                        value=""
                      />
                    </div>
                  </div>
                </div>
              </div>
            </div>
          </div>
          <div
            class="StyledProps--font StyledProps--main StyledProps--padding-top-xlarge"
          >
            <button
              aria-label="common.import"
              class="bp3-button Button--button StyledProps--font StyledProps--main Button--with-current-color Button--variation Button--variation-primary"
              type="submit"
            >
              <span
                class="bp3-button-text"
              >
                common.import
              </span>
            </button>
               
            <button
              aria-label="cancel"
              class="bp3-button Button--button StyledProps--font StyledProps--main Button--with-current-color Button--variation Button--variation-tertiary"
              type="button"
            >
              <span
                class="bp3-button-text"
              >
                cancel
              </span>
            </button>
          </div>
        </div>
      </form>
    </div>
  </div>
</div>
`;
