// Jest Snapshot v1, https://goo.gl/fbAQLP

exports[`GitOps Cluster tests click on select cluster 1`] = `
<div
  class="bp3-dialog"
  style="width: auto;"
>
  <div
    class="bp3-dialog-header"
  >
    <h4
      class="bp3-heading"
    >
      cd.selectGitopsCluster
    </h4>
    <button
      aria-label="Close"
      class="bp3-button bp3-minimal bp3-dialog-close-button"
      type="button"
    >
      <span
        class="bp3-icon bp3-icon-small-cross"
        icon="small-cross"
      >
        <svg
          data-icon="small-cross"
          height="20"
          viewBox="0 0 20 20"
          width="20"
        >
          <desc>
            small-cross
          </desc>
          <path
            d="M11.41 10l3.29-3.29c.19-.18.3-.43.3-.71a1.003 1.003 0 00-1.71-.71L10 8.59l-3.29-3.3a1.003 1.003 0 00-1.42 1.42L8.59 10 5.3 13.29c-.19.18-.3.43-.3.71a1.003 1.003 0 001.71.71l3.29-3.3 3.29 3.29c.18.19.43.3.71.3a1.003 1.003 0 00.71-1.71L11.41 10z"
            fill-rule="evenodd"
          />
        </svg>
      </span>
    </button>
  </div>
  <div
    class="StyledProps--font StyledProps--main"
  >
    <div
      class="StyledProps--font StyledProps--main container"
    >
      <div
        class="tabsContainer"
      >
        <div
          class="bp3-tabs Tabs--main Tabs--horizontal"
        >
          <div
            class="bp3-tab-list"
            role="tablist"
          >
            <div
              class="bp3-tab-indicator-wrapper"
              style="height: 0px; transform: translateX(0px) translateY(0px); width: 0px;"
            >
              <div
                class="bp3-tab-indicator"
              />
            </div>
            <div
              aria-controls="bp3-tab-panel_selectScope_account"
              aria-disabled="false"
              aria-expanded="true"
              aria-selected="true"
              class="bp3-tab"
              data-tab-id="account"
              id="bp3-tab-title_selectScope_account"
              role="tab"
              tabindex="0"
            >
              <div
                class="Layout--horizontal Layout--layout-spacing-xsmall StyledProps--main tabs StyledProps--flex StyledProps--flex-alignItems-center StyledProps--flex-justifyContent-flex-start StyledProps--padding-left-xsmall StyledProps--padding-right-xsmall"
              >
                <span
                  class="bp3-icon bp3-icon-layers StyledProps--main tabIcon"
                  icon="layers"
                >
                  <svg
                    data-icon="layers"
                    height="14"
                    viewBox="0 0 16 16"
                    width="14"
                  >
                    <desc>
                      layers
                    </desc>
                    <path
                      d="M.55 4.89l7 3.5c.14.07.29.11.45.11s.31-.04.45-.11l7-3.5a.998.998 0 00-.06-1.81L8.4.08a1.006 1.006 0 00-.79 0l-6.99 3a.992.992 0 00-.07 1.81zM15 10c-.16 0-.31.04-.45.11L8 13.38 1.45 10.1c-.14-.06-.29-.1-.45-.1-.55 0-1 .45-1 1 0 .39.23.73.55.89l7 3.5c.14.07.29.11.45.11s.31-.04.45-.11l7-3.5c.32-.16.55-.5.55-.89 0-.55-.45-1-1-1zm0-3.5c-.16 0-.31.04-.45.11L8 9.88 1.45 6.61A.997.997 0 001 6.5c-.55 0-1 .45-1 1 0 .39.23.73.55.89l7 3.5c.14.07.29.11.45.11s.31-.04.45-.11l7-3.5c.32-.16.55-.5.55-.89 0-.55-.45-1-1-1z"
                      fill-rule="evenodd"
                    />
                  </svg>
                </span>
                <p
                  class="StyledProps--font StyledProps--main StyledProps--font-variation-h6 StyledProps--font-weight-light"
                >
                  account
                </p>
              </div>
            </div>
          </div>
          <div
            aria-hidden="false"
            aria-labelledby="bp3-tab-title_selectScope_account"
            class="bp3-tab-panel"
            id="bp3-tab-panel_selectScope_account"
            role="tabpanel"
          >
            <div
              class="Layout--vertical Layout--layout-spacing-large StyledProps--main"
            >
              <div
                class="searchBox"
              >
                <div
                  class="TextInput--main search"
                >
                  <div
                    class="bp3-input-group"
                  >
                    <span
                      class="bp3-icon bp3-icon-search StyledProps--main"
                      icon="search"
                    >
                      <svg
                        data-icon="search"
                        height="12"
                        viewBox="0 0 16 16"
                        width="12"
                      >
                        <desc>
                          search
                        </desc>
                        <path
                          d="M15.55 13.43l-2.67-2.68a6.94 6.94 0 001.11-3.76c0-3.87-3.13-7-7-7s-7 3.13-7 7 3.13 7 7 7c1.39 0 2.68-.42 3.76-1.11l2.68 2.67a1.498 1.498 0 102.12-2.12zm-8.56-1.44c-2.76 0-5-2.24-5-5s2.24-5 5-5 5 2.24 5 5-2.24 5-5 5z"
                          fill-rule="evenodd"
                        />
                      </svg>
                    </span>
                    <input
                      class="bp3-input"
                      placeholder="search"
                      type="text"
                      value=""
                    />
                  </div>
                </div>
              </div>
              <div
                class="StyledProps--font StyledProps--main StyledProps--flex StyledProps--flex-align-center-center StyledProps--padding-small"
              >
                <span
                  class="bp3-icon StyledProps--main StyledProps--color StyledProps--color-primary7"
                  data-icon="spinner"
                >
                  <svg
                    fill="none"
                    height="24"
                    viewBox="0 0 36 36"
                    width="24"
                    xmlns="http://www.w3.org/2000/svg"
                  >
                    <path
                      d="M18 2.084a15.915 15.915 0 010 31.831 15.915 15.915 0 010-31.83"
                      stroke="currentColor"
                      stroke-dasharray="75,100"
                      stroke-linecap="round"
                      stroke-width="2.8"
                      style="animation: 1s linear infinite spinner-rotation; transform-origin: 50% 50%; transform-box: fill-box;"
                    />
                  </svg>
                </span>
              </div>
            </div>
          </div>
        </div>
      </div>
      <div
        class="Layout--horizontal Layout--layout-spacing-medium StyledProps--main StyledProps--padding-top-medium"
      >
        <button
          aria-label="entityReference.apply"
          class="bp3-button bp3-disabled Button--button StyledProps--font StyledProps--main bp3-popover-dismiss Button--with-current-color Button--variation Button--variation-primary"
          disabled=""
          tabindex="-1"
          type="button"
        >
          <span
            class="bp3-button-text"
          >
            entityReference.apply
          </span>
        </button>
        <button
          aria-label="cancel"
          class="bp3-button Button--button StyledProps--font StyledProps--main Button--with-current-color Button--variation Button--variation-tertiary"
          type="button"
        >
          <span
            class="bp3-button-text"
          >
            cancel
          </span>
        </button>
      </div>
    </div>
  </div>
</div>
`;

exports[`GitOps Cluster tests initial render 1`] = `
<div>
  <div
    class="StyledProps--font StyledProps--main StyledProps--padding-left-medium StyledProps--padding-right-medium"
  >
    <button
      class="bp3-button bp3-minimal Button--button StyledProps--font StyledProps--main StyledProps--intent-primary Button--with-current-color Button--without-shadow Button--withLeftIcon Button--variation Button--variation-link Button--size Button--small"
      type="button"
    >
      <span
        class="bp3-icon bp3-icon-plus StyledProps--main"
        icon="plus"
      >
        <svg
          data-icon="plus"
          height="16"
          viewBox="0 0 16 16"
          width="16"
        >
          <desc>
            plus
          </desc>
          <path
            d="M13 7H9V3c0-.55-.45-1-1-1s-1 .45-1 1v4H3c-.55 0-1 .45-1 1s.45 1 1 1h4v4c0 .55.45 1 1 1s1-.45 1-1V9h4c.55 0 1-.45 1-1s-.45-1-1-1z"
            fill-rule="evenodd"
          />
        </svg>
      </span>
      <span
        class="bp3-button-text"
      >
        cd.selectClusterLabel
      </span>
    </button>
    <div
      class="StyledProps--font StyledProps--main StyledProps--padding-top-medium"
    >
      <div
        class="TableV2--table clusterDataTable"
      >
        <div
          class="TableV2--header"
          role="row"
        >
          <div
            class="TableV2--cell TableV2--sortable"
            colspan="1"
            role="columnheader"
            style="width: 75%;"
            title="Toggle SortBy"
          >
            <p
              class="StyledProps--font StyledProps--main StyledProps--font-variation-table-headers"
            >
              Clusters
            </p>
            <span
              class="bp3-icon bp3-icon-double-caret-vertical StyledProps--main StyledProps--padding-left-small"
              icon="double-caret-vertical"
            >
              <svg
                data-icon="double-caret-vertical"
                height="15"
                viewBox="0 0 16 16"
                width="15"
              >
                <desc>
                  double-caret-vertical
                </desc>
                <path
                  d="M5 7h6a1.003 1.003 0 00.71-1.71l-3-3C8.53 2.11 8.28 2 8 2s-.53.11-.71.29l-3 3A1.003 1.003 0 005 7zm6 2H5a1.003 1.003 0 00-.71 1.71l3 3c.18.18.43.29.71.29s.53-.11.71-.29l3-3A1.003 1.003 0 0011 9z"
                  fill-rule="evenodd"
                />
              </svg>
            </span>
          </div>
          <div
            class="TableV2--cell TableV2--sortable"
            colspan="1"
            role="columnheader"
            style="width: 15%;"
            title="Toggle SortBy"
          >
            <p
              class="StyledProps--font StyledProps--main StyledProps--font-variation-table-headers"
            >
              Last Updated At
            </p>
            <span
              class="bp3-icon bp3-icon-double-caret-vertical StyledProps--main StyledProps--padding-left-small"
              icon="double-caret-vertical"
            >
              <svg
                data-icon="double-caret-vertical"
                height="15"
                viewBox="0 0 16 16"
                width="15"
              >
                <desc>
                  double-caret-vertical
                </desc>
                <path
                  d="M5 7h6a1.003 1.003 0 00.71-1.71l-3-3C8.53 2.11 8.28 2 8 2s-.53.11-.71.29l-3 3A1.003 1.003 0 005 7zm6 2H5a1.003 1.003 0 00-.71 1.71l3 3c.18.18.43.29.71.29s.53-.11.71-.29l3-3A1.003 1.003 0 0011 9z"
                  fill-rule="evenodd"
                />
              </svg>
            </span>
          </div>
          <div
            class="TableV2--cell TableV2--sortable"
            colspan="1"
            role="columnheader"
            style="width: 5%;"
          >
            <p
              class="StyledProps--font StyledProps--main StyledProps--font-variation-table-headers"
            >
               
            </p>
          </div>
        </div>
        <div
          class="TableV2--body"
        >
          <div
            class="TableV2--row TableV2--card"
            data-testid="clusterDataRow"
            role="row"
          >
            <div
              class="TableV2--cells"
            >
              <div
                class="TableV2--cell"
                role="cell"
                style="width: 75%;"
              >
                <div
                  class="Layout--vertical StyledProps--main"
                >
                  <div
                    class="Layout--horizontal Layout--layout-spacing-small StyledProps--main StyledProps--flex StyledProps--flex-justifyContent-flex-start StyledProps--margin-bottom-small"
                  >
                    <p
                      class="StyledProps--font StyledProps--main StyledProps--color StyledProps--color-black"
                    >
                      test-cluster-a
                    </p>
                  </div>
                  <p
                    class="StyledProps--font Text--lineclamp StyledProps--main StyledProps--margin-bottom-xsmall StyledProps--color StyledProps--color-grey500 StyledProps--font-size-small"
                    style="--text-line-clamp: 1;"
                  >
                    common.ID
                    : 
                    test-cluster-a
                  </p>
                  <p
                    class="StyledProps--font Text--lineclamp StyledProps--main StyledProps--margin-bottom-xsmall StyledProps--color StyledProps--color-grey500 StyledProps--font-size-small"
                    style="--text-line-clamp: 1;"
                  >
                    cd.agentID
                    : 
                  </p>
                  <p
                    class="StyledProps--font StyledProps--main StyledProps--color StyledProps--color-grey500 StyledProps--font-size-small"
                  >
                    common.scopeLabel
                    : 
                    
                  </p>
                </div>
              </div>
              <div
                class="TableV2--cell"
                role="cell"
                style="width: 15%;"
              >
                <div
                  class="Layout--vertical Layout--layout-spacing-small StyledProps--main"
                >
                  dummy date
                </div>
              </div>
              <div
                class="TableV2--cell"
                role="cell"
                style="width: 5%;"
              >
                <button
                  class="bp3-button bp3-minimal Button--button StyledProps--font StyledProps--main Button--with-current-color Button--iconOnly Button--without-shadow Button--withLeftIcon"
                  data-test-id="unlink-btn"
                  type="button"
                >
                  <span
                    class="bp3-icon bp3-icon-trash StyledProps--main"
                    icon="trash"
                  >
                    <svg
                      data-icon="trash"
                      height="16"
                      viewBox="0 0 16 16"
                      width="16"
                    >
                      <desc>
                        trash
                      </desc>
                      <path
                        d="M14.49 3.99h-13c-.28 0-.5.22-.5.5s.22.5.5.5h.5v10c0 .55.45 1 1 1h10c.55 0 1-.45 1-1v-10h.5c.28 0 .5-.22.5-.5s-.22-.5-.5-.5zm-8.5 9c0 .55-.45 1-1 1s-1-.45-1-1v-6c0-.55.45-1 1-1s1 .45 1 1v6zm3 0c0 .55-.45 1-1 1s-1-.45-1-1v-6c0-.55.45-1 1-1s1 .45 1 1v6zm3 0c0 .55-.45 1-1 1s-1-.45-1-1v-6c0-.55.45-1 1-1s1 .45 1 1v6zm2-12h-4c0-.55-.45-1-1-1h-2c-.55 0-1 .45-1 1h-4c-.55 0-1 .45-1 1v1h14v-1c0-.55-.45-1-1-1z"
                        fill-rule="evenodd"
                      />
                    </svg>
                  </span>
                </button>
              </div>
            </div>
          </div>
          <div
            class="TableV2--row TableV2--card"
            data-testid="clusterDataRow"
            role="row"
          >
            <div
              class="TableV2--cells"
            >
              <div
                class="TableV2--cell"
                role="cell"
                style="width: 75%;"
              >
                <div
                  class="Layout--vertical StyledProps--main"
                >
                  <div
                    class="Layout--horizontal Layout--layout-spacing-small StyledProps--main StyledProps--flex StyledProps--flex-justifyContent-flex-start StyledProps--margin-bottom-small"
                  >
                    <p
                      class="StyledProps--font StyledProps--main StyledProps--color StyledProps--color-black"
                    >
                      test-cluster-b
                    </p>
                  </div>
                  <p
                    class="StyledProps--font Text--lineclamp StyledProps--main StyledProps--margin-bottom-xsmall StyledProps--color StyledProps--color-grey500 StyledProps--font-size-small"
                    style="--text-line-clamp: 1;"
                  >
                    common.ID
                    : 
                    test-cluster-b
                  </p>
                  <p
                    class="StyledProps--font Text--lineclamp StyledProps--main StyledProps--margin-bottom-xsmall StyledProps--color StyledProps--color-grey500 StyledProps--font-size-small"
                    style="--text-line-clamp: 1;"
                  >
                    cd.agentID
                    : 
                  </p>
                  <p
                    class="StyledProps--font StyledProps--main StyledProps--color StyledProps--color-grey500 StyledProps--font-size-small"
                  >
                    common.scopeLabel
                    : 
                    
                  </p>
                </div>
              </div>
              <div
                class="TableV2--cell"
                role="cell"
                style="width: 15%;"
              >
                <div
                  class="Layout--vertical Layout--layout-spacing-small StyledProps--main"
                >
                  dummy date
                </div>
              </div>
              <div
                class="TableV2--cell"
                role="cell"
                style="width: 5%;"
              >
                <button
                  class="bp3-button bp3-minimal Button--button StyledProps--font StyledProps--main Button--with-current-color Button--iconOnly Button--without-shadow Button--withLeftIcon"
                  data-test-id="unlink-btn"
                  type="button"
                >
                  <span
                    class="bp3-icon bp3-icon-trash StyledProps--main"
                    icon="trash"
                  >
                    <svg
                      data-icon="trash"
                      height="16"
                      viewBox="0 0 16 16"
                      width="16"
                    >
                      <desc>
                        trash
                      </desc>
                      <path
                        d="M14.49 3.99h-13c-.28 0-.5.22-.5.5s.22.5.5.5h.5v10c0 .55.45 1 1 1h10c.55 0 1-.45 1-1v-10h.5c.28 0 .5-.22.5-.5s-.22-.5-.5-.5zm-8.5 9c0 .55-.45 1-1 1s-1-.45-1-1v-6c0-.55.45-1 1-1s1 .45 1 1v6zm3 0c0 .55-.45 1-1 1s-1-.45-1-1v-6c0-.55.45-1 1-1s1 .45 1 1v6zm3 0c0 .55-.45 1-1 1s-1-.45-1-1v-6c0-.55.45-1 1-1s1 .45 1 1v6zm2-12h-4c0-.55-.45-1-1-1h-2c-.55 0-1 .45-1 1h-4c-.55 0-1 .45-1 1v1h14v-1c0-.55-.45-1-1-1z"
                        fill-rule="evenodd"
                      />
                    </svg>
                  </span>
                </button>
              </div>
            </div>
          </div>
        </div>
      </div>
    </div>
  </div>
</div>
`;
