// Jest Snapshot v1, https://goo.gl/fbAQLP

exports[`DiscoveredResources render component 1`] = `
<div>
  <div
    class="StyledProps--font StyledProps--main"
  >
    <div
      class="Layout--horizontal StyledProps--main PageSubHeader--container StyledProps--flex"
      data-testid="page-subheader"
    >
      <div
        class="Layout--horizontal StyledProps--main StyledProps--flex"
        style="gap: 8px; width: 100%;"
      >
        <div
          class="bp3-popover-wrapper DropDown--main"
        >
          <div
            class="bp3-popover-target"
          >
            <div
              class=""
            >
              <div
                class="Layout--horizontal StyledProps--main DropDown--dropdownButton DropDown--withBorder StyledProps--flex"
                data-testid="namespace"
                style="width: 160px;"
              >
                <div
                  class="Layout--horizontal StyledProps--main DropDown--labelWrapper StyledProps--flex"
                >
                  <p
                    class="StyledProps--font Text--lineclamp StyledProps--main DropDown--label"
                    data-testid="dropdown-value"
                    style="--text-line-clamp: 1;"
                  >
                    common.namespace
                  </p>
                </div>
                <div
                  class="Layout--horizontal StyledProps--main DropDown--btnWrapper StyledProps--flex"
                >
                  <span
                    class="bp3-icon StyledProps--main StyledProps--color StyledProps--color-grey400"
                    data-icon="main-chevron-down"
                  >
                    <svg
                      height="8"
                      viewBox="0 0 14 8"
                      width="8"
                      xmlns="http://www.w3.org/2000/svg"
                    >
                      <path
                        d="M13 0c-.3 0-.5.1-.7.3L7 5.6 1.7.3C1.5.1 1.3 0 1 0 .4 0 0 .4 0 1c0 .3.1.5.3.7l6 6c.2.2.4.3.7.3s.5-.1.7-.3l6-6c.2-.2.3-.4.3-.7 0-.6-.4-1-1-1z"
                        fill="#4d5969"
                      />
                    </svg>
                  </span>
                </div>
              </div>
            </div>
          </div>
        </div>
        <span
          style="flex-grow: 1;"
        />
        <div
          class="bp3-input-group ui-search-box ExpandingSearchInput--main   ExpandingSearchInput--alwaysExpanded ExpandingSearchInput--light"
          data-name=""
          style="width: 232px; max-width: 232px;"
        >
          <span
            class="bp3-icon StyledProps--main ExpandingSearchInput--icon StyledProps--color StyledProps--color-grey700"
            data-icon="thinner-search"
          >
            <svg
              fill="none"
              height="14"
              viewBox="0 0 16 16"
              width="14"
              xmlns="http://www.w3.org/2000/svg"
            >
              <path
                d="M7.125 13.25c1.617 0 3.32-.695 4.375-1.75L15 15l-3.5-3.5c1.021-1.005 1.75-2.894 1.75-4.375a6.125 6.125 0 10-6.125 6.125z"
                stroke="currentColor"
                stroke-linecap="round"
                stroke-linejoin="round"
              />
            </svg>
          </span>
          <input
            class="bp3-input  ExpandingSearchInput--filter"
            dir="auto"
            placeholder="discovery.searchService"
            style="padding-right: 38px;"
            type="search"
            value=""
          />
        </div>
        <div
          class="Layout--horizontal StyledProps--main StyledProps--flex"
        >
          <button
            class="bp3-button bp3-minimal Button--button StyledProps--font StyledProps--main GridListToggle--gridButton StyledProps--intent-primary Button--with-current-color Button--without-shadow Button--withLeftIcon"
            data-testid="grid-view"
            data-tooltip-id="grid-view"
            type="button"
          >
            <span
              class="bp3-icon bp3-icon-grid-view StyledProps--main"
              icon="grid-view"
            >
              <svg
                data-icon="grid-view"
                height="16"
                viewBox="0 0 16 16"
                width="16"
              >
                <desc>
                  grid-view
                </desc>
                <path
                  d="M0 1v6h7V0H1C.45 0 0 .45 0 1zm0 14c0 .55.45 1 1 1h6V9H0v6zM15 0H9v7h7V1c0-.55-.45-1-1-1zM9 16h6c.55 0 1-.45 1-1V9H9v7z"
                  fill-rule="evenodd"
                />
              </svg>
            </span>
          </button>
          <button
            class="bp3-button bp3-minimal Button--button StyledProps--font StyledProps--main GridListToggle--listUnselected GridListToggle--listButton Button--with-current-color Button--iconOnly Button--without-shadow Button--withLeftIcon"
            data-testid="list-view"
            data-tooltip-id="list-view"
            type="button"
          >
            <span
              class="bp3-icon bp3-icon-list StyledProps--main"
              icon="list"
            >
              <svg
                data-icon="list"
                height="16"
                viewBox="0 0 16 16"
                width="16"
              >
                <desc>
                  list
                </desc>
                <path
                  d="M1 3h14c.55 0 1-.45 1-1s-.45-1-1-1H1c-.55 0-1 .45-1 1s.45 1 1 1zm14 10H1c-.55 0-1 .45-1 1s.45 1 1 1h14c.55 0 1-.45 1-1s-.45-1-1-1zm0-4H1c-.55 0-1 .45-1 1s.45 1 1 1h14c.55 0 1-.45 1-1s-.45-1-1-1zm0-4H1c-.55 0-1 .45-1 1s.45 1 1 1h14c.55 0 1-.45 1-1s-.45-1-1-1z"
                  fill-rule="evenodd"
                />
              </svg>
            </span>
          </button>
        </div>
      </div>
    </div>
    <div
      class="StyledProps--font StyledProps--main"
    >
      <div
        class="discoveredResourcesGraph"
      >
        Discovered Resources Graph
      </div>
    </div>
  </div>
</div>
`;

exports[`DiscoveredResources when namespace data is undefined 1`] = `
<div>
  <div
    class="StyledProps--font StyledProps--main"
  >
    <div
      class="Layout--horizontal StyledProps--main PageSubHeader--container StyledProps--flex"
      data-testid="page-subheader"
    >
      <div
        class="Layout--horizontal StyledProps--main StyledProps--flex"
        style="gap: 8px; width: 100%;"
      >
        <div
          class="bp3-popover-wrapper DropDown--main"
        >
          <div
            class="bp3-popover-target"
          >
            <div
              class=""
            >
              <div
                class="Layout--horizontal StyledProps--main DropDown--dropdownButton DropDown--withBorder StyledProps--flex"
                data-testid="namespace"
                style="width: 160px;"
              >
                <div
                  class="Layout--horizontal StyledProps--main DropDown--labelWrapper StyledProps--flex"
                >
                  <p
                    class="StyledProps--font Text--lineclamp StyledProps--main DropDown--label"
                    data-testid="dropdown-value"
                    style="--text-line-clamp: 1;"
                  >
                    common.namespace
                  </p>
                </div>
                <div
                  class="Layout--horizontal StyledProps--main DropDown--btnWrapper StyledProps--flex"
                >
                  <span
                    class="bp3-icon StyledProps--main StyledProps--color StyledProps--color-grey400"
                    data-icon="main-chevron-down"
                  >
                    <svg
                      height="8"
                      viewBox="0 0 14 8"
                      width="8"
                      xmlns="http://www.w3.org/2000/svg"
                    >
                      <path
                        d="M13 0c-.3 0-.5.1-.7.3L7 5.6 1.7.3C1.5.1 1.3 0 1 0 .4 0 0 .4 0 1c0 .3.1.5.3.7l6 6c.2.2.4.3.7.3s.5-.1.7-.3l6-6c.2-.2.3-.4.3-.7 0-.6-.4-1-1-1z"
                        fill="#4d5969"
                      />
                    </svg>
                  </span>
                </div>
              </div>
            </div>
          </div>
        </div>
        <span
          style="flex-grow: 1;"
        />
        <div
          class="bp3-input-group ui-search-box ExpandingSearchInput--main   ExpandingSearchInput--alwaysExpanded ExpandingSearchInput--light"
          data-name=""
          style="width: 232px; max-width: 232px;"
        >
          <span
            class="bp3-icon StyledProps--main ExpandingSearchInput--icon StyledProps--color StyledProps--color-grey700"
            data-icon="thinner-search"
          >
            <svg
              fill="none"
              height="14"
              viewBox="0 0 16 16"
              width="14"
              xmlns="http://www.w3.org/2000/svg"
            >
              <path
                d="M7.125 13.25c1.617 0 3.32-.695 4.375-1.75L15 15l-3.5-3.5c1.021-1.005 1.75-2.894 1.75-4.375a6.125 6.125 0 10-6.125 6.125z"
                stroke="currentColor"
                stroke-linecap="round"
                stroke-linejoin="round"
              />
            </svg>
          </span>
          <input
            class="bp3-input  ExpandingSearchInput--filter"
            dir="auto"
            placeholder="discovery.searchService"
            style="padding-right: 38px;"
            type="search"
            value=""
          />
        </div>
        <div
          class="Layout--horizontal StyledProps--main StyledProps--flex"
        >
          <button
            class="bp3-button bp3-minimal Button--button StyledProps--font StyledProps--main GridListToggle--gridButton StyledProps--intent-primary Button--with-current-color Button--without-shadow Button--withLeftIcon"
            data-testid="grid-view"
            data-tooltip-id="grid-view"
            type="button"
          >
            <span
              class="bp3-icon bp3-icon-grid-view StyledProps--main"
              icon="grid-view"
            >
              <svg
                data-icon="grid-view"
                height="16"
                viewBox="0 0 16 16"
                width="16"
              >
                <desc>
                  grid-view
                </desc>
                <path
                  d="M0 1v6h7V0H1C.45 0 0 .45 0 1zm0 14c0 .55.45 1 1 1h6V9H0v6zM15 0H9v7h7V1c0-.55-.45-1-1-1zM9 16h6c.55 0 1-.45 1-1V9H9v7z"
                  fill-rule="evenodd"
                />
              </svg>
            </span>
          </button>
          <button
            class="bp3-button bp3-minimal Button--button StyledProps--font StyledProps--main GridListToggle--listUnselected GridListToggle--listButton Button--with-current-color Button--iconOnly Button--without-shadow Button--withLeftIcon"
            data-testid="list-view"
            data-tooltip-id="list-view"
            type="button"
          >
            <span
              class="bp3-icon bp3-icon-list StyledProps--main"
              icon="list"
            >
              <svg
                data-icon="list"
                height="16"
                viewBox="0 0 16 16"
                width="16"
              >
                <desc>
                  list
                </desc>
                <path
                  d="M1 3h14c.55 0 1-.45 1-1s-.45-1-1-1H1c-.55 0-1 .45-1 1s.45 1 1 1zm14 10H1c-.55 0-1 .45-1 1s.45 1 1 1h14c.55 0 1-.45 1-1s-.45-1-1-1zm0-4H1c-.55 0-1 .45-1 1s.45 1 1 1h14c.55 0 1-.45 1-1s-.45-1-1-1zm0-4H1c-.55 0-1 .45-1 1s.45 1 1 1h14c.55 0 1-.45 1-1s-.45-1-1-1z"
                  fill-rule="evenodd"
                />
              </svg>
            </span>
          </button>
        </div>
      </div>
    </div>
    <div
      class="StyledProps--font StyledProps--main"
    >
      <div
        class="discoveredResourcesGraph"
      >
        Discovered Resources Graph
      </div>
    </div>
  </div>
</div>
`;
